- Log: 2022-06-10 23:20:30.939092 ---> Calculando coef para los valores de:
- Log: 2022-06-10 23:20:30.939147 ---> total_euros : 159.64
- Log: 2022-06-10 23:20:30.939171 ---> total_peso : 6.18
- Log: 2022-06-10 23:20:30.939191 ---> gasto_envio_local: 0.0
- Log: 2022-06-10 23:20:30.939208 ---> gasto_envio_despacho 0.0
- Log: 2022-06-10 23:20:30.939224 ---> dias_almacenamiento2 0.0
- Log: 2022-06-10 23:20:30.939243 --->  - coef euro a dolar : 1.0
- Log: 2022-06-10 23:20:30.939261 --->  - subtotal1 : 159.64
- Log: 2022-06-10 23:20:30.939291 --->  - subtotal2_flete : 159.64
- Log: 2022-06-10 23:20:30.939316 --->  - subtotal3_dexport : 161.23639999999997
- Log: 2022-06-10 23:20:30.939339 --->  - subtotal4_utilidad : 162.848764
- Log: 2022-06-10 23:20:30.939698 --->  - total_almacenaje_dolares : 0.0
- Log: 2022-06-10 23:20:30.939726 --->  - subtotal5 : 162.848764
- Log: 2022-06-10 23:20:30.939762 --->  - coef_cotizador : 1.0201
- Log: 2022-06-10 23:20:30.939793 ---> ------------------------------------------------
- Log: 2022-06-10 23:20:58.558820 ---> Calculando coef para los valores de:
- Log: 2022-06-10 23:20:58.558867 ---> total_euros : 159.64
- Log: 2022-06-10 23:20:58.558889 ---> total_peso : 6.18
- Log: 2022-06-10 23:20:58.558908 ---> gasto_envio_local: 0.0
- Log: 2022-06-10 23:20:58.558925 ---> gasto_envio_despacho 0.0
- Log: 2022-06-10 23:20:58.558942 ---> dias_almacenamiento2 -1.0
- Log: 2022-06-10 23:20:58.558961 --->  - coef euro a dolar : 1.0
- Log: 2022-06-10 23:20:58.558978 --->  - subtotal1 : 159.64
- Log: 2022-06-10 23:20:58.559005 --->  - subtotal2_flete : 159.64
- Log: 2022-06-10 23:20:58.559026 --->  - subtotal3_dexport : 161.23639999999997
- Log: 2022-06-10 23:20:58.559046 --->  - subtotal4_utilidad : 162.848764
- Log: 2022-06-10 23:20:58.559402 --->  - total_almacenaje_dolares : -0.0
- Log: 2022-06-10 23:20:58.559428 --->  - subtotal5 : 162.848764
- Log: 2022-06-10 23:20:58.559454 --->  - coef_cotizador : 1.0201
- Log: 2022-06-10 23:20:58.559476 ---> ------------------------------------------------
- Log: 2022-06-10 23:21:10.446908 ---> Calculando coef para los valores de:
- Log: 2022-06-10 23:21:10.446954 ---> total_euros : 159.64
- Log: 2022-06-10 23:21:10.446977 ---> total_peso : 6.18
- Log: 2022-06-10 23:21:10.446997 ---> gasto_envio_local: 0.0
- Log: 2022-06-10 23:21:10.447015 ---> gasto_envio_despacho 0.0
- Log: 2022-06-10 23:21:10.447031 ---> dias_almacenamiento2 -1.0
- Log: 2022-06-10 23:21:10.447050 --->  - coef euro a dolar : 1.0
- Log: 2022-06-10 23:21:10.447067 --->  - subtotal1 : 159.64
- Log: 2022-06-10 23:21:10.447094 --->  - subtotal2_flete : 159.64
- Log: 2022-06-10 23:21:10.447115 --->  - subtotal3_dexport : 161.23639999999997
- Log: 2022-06-10 23:21:10.447134 --->  - subtotal4_utilidad : 162.848764
- Log: 2022-06-10 23:21:10.447461 --->  - total_almacenaje_dolares : -0.0
- Log: 2022-06-10 23:21:10.447501 --->  - subtotal5 : 162.848764
- Log: 2022-06-10 23:21:10.447531 --->  - coef_cotizador : 1.0201
- Log: 2022-06-10 23:21:10.447554 ---> ------------------------------------------------
- Log: 2022-06-10 23:21:14.457098 ---> Calculando coef para los valores de:
- Log: 2022-06-10 23:21:14.457142 ---> total_euros : 159.64
- Log: 2022-06-10 23:21:14.457164 ---> total_peso : 6.18
- Log: 2022-06-10 23:21:14.457182 ---> gasto_envio_local: 0.0
- Log: 2022-06-10 23:21:14.457199 ---> gasto_envio_despacho 0.0
- Log: 2022-06-10 23:21:14.457216 ---> dias_almacenamiento2 -1.0
- Log: 2022-06-10 23:21:14.457235 --->  - coef euro a dolar : 1.0
- Log: 2022-06-10 23:21:14.457252 --->  - subtotal1 : 159.64
- Log: 2022-06-10 23:21:14.457279 --->  - subtotal2_flete : 159.64
- Log: 2022-06-10 23:21:14.457300 --->  - subtotal3_dexport : 161.23639999999997
- Log: 2022-06-10 23:21:14.457319 --->  - subtotal4_utilidad : 162.848764
- Log: 2022-06-10 23:21:14.457478 --->  - total_almacenaje_dolares : -0.0
- Log: 2022-06-10 23:21:14.457502 --->  - subtotal5 : 162.848764
- Log: 2022-06-10 23:21:14.457527 --->  - coef_cotizador : 1.0201
- Log: 2022-06-10 23:21:14.457548 ---> ------------------------------------------------
- Log: 2022-06-10 23:21:16.913688 ---> Calculando coef para los valores de:
- Log: 2022-06-10 23:21:16.913731 ---> total_euros : 159.64
- Log: 2022-06-10 23:21:16.913755 ---> total_peso : 6.18
- Log: 2022-06-10 23:21:16.913776 ---> gasto_envio_local: 0.0
- Log: 2022-06-10 23:21:16.913796 ---> gasto_envio_despacho 0.0
- Log: 2022-06-10 23:21:16.913814 ---> dias_almacenamiento2 -1.0
- Log: 2022-06-10 23:21:16.913835 --->  - coef euro a dolar : 1.0
- Log: 2022-06-10 23:21:16.913855 --->  - subtotal1 : 159.64
- Log: 2022-06-10 23:21:16.913891 --->  - subtotal2_flete : 159.64
- Log: 2022-06-10 23:21:16.913916 --->  - subtotal3_dexport : 161.23639999999997
- Log: 2022-06-10 23:21:16.913938 --->  - subtotal4_utilidad : 162.848764
- Log: 2022-06-10 23:21:16.914107 --->  - total_almacenaje_dolares : -0.0
- Log: 2022-06-10 23:21:16.914134 --->  - subtotal5 : 162.848764
- Log: 2022-06-10 23:21:16.914174 --->  - coef_cotizador : 1.0201
- Log: 2022-06-10 23:21:16.914206 ---> ------------------------------------------------
- Log: 2022-06-10 23:21:18.922364 ---> Calculando coef para los valores de:
- Log: 2022-06-10 23:21:18.922407 ---> total_euros : 159.64
- Log: 2022-06-10 23:21:18.922428 ---> total_peso : 6.18
- Log: 2022-06-10 23:21:18.922448 ---> gasto_envio_local: 0.0
- Log: 2022-06-10 23:21:18.922465 ---> gasto_envio_despacho 0.0
- Log: 2022-06-10 23:21:18.922482 ---> dias_almacenamiento2 -1.0
- Log: 2022-06-10 23:21:18.922502 --->  - coef euro a dolar : 1.0
- Log: 2022-06-10 23:21:18.922520 --->  - subtotal1 : 159.64
- Log: 2022-06-10 23:21:18.922548 --->  - subtotal2_flete : 159.64
- Log: 2022-06-10 23:21:18.922569 --->  - subtotal3_dexport : 161.23639999999997
- Log: 2022-06-10 23:21:18.922589 --->  - subtotal4_utilidad : 162.848764
- Log: 2022-06-10 23:21:18.922730 --->  - total_almacenaje_dolares : -0.0
- Log: 2022-06-10 23:21:18.922754 --->  - subtotal5 : 162.848764
- Log: 2022-06-10 23:21:18.922780 --->  - coef_cotizador : 1.0201
- Log: 2022-06-10 23:21:18.922802 ---> ------------------------------------------------
- Log: 2022-06-10 23:21:20.850986 ---> Calculando coef para los valores de:
- Log: 2022-06-10 23:21:20.851038 ---> total_euros : 159.64
- Log: 2022-06-10 23:21:20.851095 ---> total_peso : 6.18
- Log: 2022-06-10 23:21:20.851119 ---> gasto_envio_local: 0.0
- Log: 2022-06-10 23:21:20.851140 ---> gasto_envio_despacho 0.0
- Log: 2022-06-10 23:21:20.851160 ---> dias_almacenamiento2 -1.0
- Log: 2022-06-10 23:21:20.851183 --->  - coef euro a dolar : 1.0
- Log: 2022-06-10 23:21:20.851204 --->  - subtotal1 : 159.64
- Log: 2022-06-10 23:21:20.851237 --->  - subtotal2_flete : 159.64
- Log: 2022-06-10 23:21:20.851262 --->  - subtotal3_dexport : 161.23639999999997
- Log: 2022-06-10 23:21:20.851285 --->  - subtotal4_utilidad : 162.848764
- Log: 2022-06-10 23:21:20.851453 --->  - total_almacenaje_dolares : -0.0
- Log: 2022-06-10 23:21:20.851482 --->  - subtotal5 : 162.848764
- Log: 2022-06-10 23:21:20.851513 --->  - coef_cotizador : 1.0201
- Log: 2022-06-10 23:21:20.851539 ---> ------------------------------------------------
- Log: 2022-06-10 23:21:23.223827 ---> Calculando coef para los valores de:
- Log: 2022-06-10 23:21:23.223876 ---> total_euros : 159.64
- Log: 2022-06-10 23:21:23.223898 ---> total_peso : 6.18
- Log: 2022-06-10 23:21:23.223917 ---> gasto_envio_local: 0.0
- Log: 2022-06-10 23:21:23.223934 ---> gasto_envio_despacho 0.0
- Log: 2022-06-10 23:21:23.223951 ---> dias_almacenamiento2 -1.0
- Log: 2022-06-10 23:21:23.223970 --->  - coef euro a dolar : 1.0
- Log: 2022-06-10 23:21:23.223987 --->  - subtotal1 : 159.64
- Log: 2022-06-10 23:21:23.224015 --->  - subtotal2_flete : 159.64
- Log: 2022-06-10 23:21:23.224036 --->  - subtotal3_dexport : 161.23639999999997
- Log: 2022-06-10 23:21:23.224055 --->  - subtotal4_utilidad : 162.848764
- Log: 2022-06-10 23:21:23.224205 --->  - total_almacenaje_dolares : -0.0
- Log: 2022-06-10 23:21:23.224230 --->  - subtotal5 : 162.848764
- Log: 2022-06-10 23:21:23.224256 --->  - coef_cotizador : 1.0201
- Log: 2022-06-10 23:21:23.224281 ---> ------------------------------------------------
- Log: 2022-06-10 23:21:33.822784 ---> Calculando coef para los valores de:
- Log: 2022-06-10 23:21:33.822828 ---> total_euros : 159.64
- Log: 2022-06-10 23:21:33.822850 ---> total_peso : 6.18
- Log: 2022-06-10 23:21:33.822869 ---> gasto_envio_local: 0.0
- Log: 2022-06-10 23:21:33.822887 ---> gasto_envio_despacho 0.0
- Log: 2022-06-10 23:21:33.822904 ---> dias_almacenamiento2 -1.0
- Log: 2022-06-10 23:21:33.822923 --->  - coef euro a dolar : 1.0
- Log: 2022-06-10 23:21:33.822941 --->  - subtotal1 : 159.64
- Log: 2022-06-10 23:21:33.822968 --->  - subtotal2_flete : 159.64
- Log: 2022-06-10 23:21:33.822989 --->  - subtotal3_dexport : 161.23639999999997
- Log: 2022-06-10 23:21:33.823008 --->  - subtotal4_utilidad : 162.848764
- Log: 2022-06-10 23:21:33.823385 --->  - total_almacenaje_dolares : -0.0
- Log: 2022-06-10 23:21:33.823410 --->  - subtotal5 : 162.848764
- Log: 2022-06-10 23:21:33.823435 --->  - coef_cotizador : 1.0201
- Log: 2022-06-10 23:21:33.823457 ---> ------------------------------------------------
- Log: 2022-06-10 23:21:48.268156 ---> Calculando coef para los valores de:
- Log: 2022-06-10 23:21:48.268201 ---> total_euros : 159.64
- Log: 2022-06-10 23:21:48.268223 ---> total_peso : 6.18
- Log: 2022-06-10 23:21:48.268242 ---> gasto_envio_local: 0.0
- Log: 2022-06-10 23:21:48.268259 ---> gasto_envio_despacho 0.0
- Log: 2022-06-10 23:21:48.268276 ---> dias_almacenamiento2 -1.0
- Log: 2022-06-10 23:21:48.268295 --->  - coef euro a dolar : 1.0
- Log: 2022-06-10 23:21:48.268313 --->  - subtotal1 : 159.64
- Log: 2022-06-10 23:21:48.268340 --->  - subtotal2_flete : 159.64
- Log: 2022-06-10 23:21:48.268360 --->  - subtotal3_dexport : 161.23639999999997
- Log: 2022-06-10 23:21:48.268379 --->  - subtotal4_utilidad : 162.848764
- Log: 2022-06-10 23:21:48.268525 --->  - total_almacenaje_dolares : -0.0
- Log: 2022-06-10 23:21:48.268549 --->  - subtotal5 : 162.848764
- Log: 2022-06-10 23:21:48.268574 --->  - coef_cotizador : 1.0201
- Log: 2022-06-10 23:21:48.268596 ---> ------------------------------------------------
- Log: 2022-06-10 23:26:58.343990 ---> Calculando coef para los valores de:
- Log: 2022-06-10 23:26:58.344037 ---> total_euros : 144.76
- Log: 2022-06-10 23:26:58.344058 ---> total_peso : 5.88
- Log: 2022-06-10 23:26:58.344077 ---> gasto_envio_local: 0.0
- Log: 2022-06-10 23:26:58.344094 ---> gasto_envio_despacho 0.0
- Log: 2022-06-10 23:26:58.344111 ---> dias_almacenamiento2 0.0
- Log: 2022-06-10 23:26:58.344129 --->  - coef euro a dolar : 1.0
- Log: 2022-06-10 23:26:58.344147 --->  - subtotal1 : 144.76
- Log: 2022-06-10 23:26:58.344178 --->  - subtotal2_flete : 144.76
- Log: 2022-06-10 23:26:58.344203 --->  - subtotal3_dexport : 146.20759999999999
- Log: 2022-06-10 23:26:58.344227 --->  - subtotal4_utilidad : 147.66967599999998
- Log: 2022-06-10 23:26:58.344698 --->  - total_almacenaje_dolares : 0.0
- Log: 2022-06-10 23:26:58.344727 --->  - subtotal5 : 147.66967599999998
- Log: 2022-06-10 23:26:58.344753 --->  - coef_cotizador : 1.0201
- Log: 2022-06-10 23:26:58.344775 ---> ------------------------------------------------
- Log: 2022-06-10 23:27:21.724503 ---> Calculando coef para los valores de:
- Log: 2022-06-10 23:27:22.282149 ---> total_euros : 144.76
- Log: 2022-06-10 23:27:23.193650 ---> total_peso : 5.88
- Log: 2022-06-10 23:27:23.811463 ---> gasto_envio_local: 0.0
- Log: 2022-06-10 23:27:24.257682 ---> gasto_envio_despacho 0.0
- Log: 2022-06-10 23:27:25.815122 ---> dias_almacenamiento2 -1.0
- Log: 2022-06-10 23:28:42.744270 --->  - coef euro a dolar : 1.0
- Log: 2022-06-10 23:28:42.744397 --->  - subtotal1 : 144.76
- Log: 2022-06-10 23:28:42.744541 --->  - subtotal2_flete : 144.76
- Log: 2022-06-10 23:28:42.744630 --->  - subtotal3_dexport : 146.20759999999999
- Log: 2022-06-10 23:28:42.744711 --->  - subtotal4_utilidad : 147.66967599999998
- Log: 2022-06-10 23:28:42.745160 --->  - total_almacenaje_dolares : -0.0
- Log: 2022-06-10 23:28:42.745228 --->  - subtotal5 : 147.66967599999998
- Log: 2022-06-10 23:28:42.745310 --->  - coef_cotizador : 1.0201
- Log: 2022-06-10 23:28:42.745380 ---> ------------------------------------------------
- Log: 2022-06-10 23:32:41.528330 ---> Calculando coef para los valores de:
- Log: 2022-06-10 23:32:41.528425 ---> total_euros : 144.76
- Log: 2022-06-10 23:32:41.528482 ---> total_peso : 5.88
- Log: 2022-06-10 23:32:41.528531 ---> gasto_envio_local: 0.0
- Log: 2022-06-10 23:32:41.528576 ---> gasto_envio_despacho 0.0
- Log: 2022-06-10 23:32:41.528619 ---> dias_almacenamiento2 0.0
- Log: 2022-06-10 23:32:41.528684 --->  - coef euro a dolar : 1.0708001328021248
- Log: 2022-06-10 23:32:41.528739 --->  - subtotal1 : 144.76
- Log: 2022-06-10 23:32:41.528861 --->  - subtotal2_flete : 321.15999999999997
- Log: 2022-06-10 23:32:41.528943 --->  - subtotal3_dexport : 321.9629
- Log: 2022-06-10 23:32:41.529020 --->  - subtotal4_utilidad : 323.8946774
- Log: 2022-06-10 23:32:41.529908 --->  - total_almacenaje_dolares : 0.0
- Log: 2022-06-10 23:32:41.529979 --->  - subtotal5 : 323.8946774
- Log: 2022-06-10 23:32:41.530061 --->  - coef_cotizador : 2.237459777562863
- Log: 2022-06-10 23:32:41.530137 ---> ------------------------------------------------
- Log: 2022-06-10 23:33:03.067700 ---> Calculando coef para los valores de:
- Log: 2022-06-10 23:33:03.067747 ---> total_euros : 149.72
- Log: 2022-06-10 23:33:03.067769 ---> total_peso : 5.9799999999999995
- Log: 2022-06-10 23:33:03.067788 ---> gasto_envio_local: 0.0
- Log: 2022-06-10 23:33:03.067805 ---> gasto_envio_despacho 0.0
- Log: 2022-06-10 23:33:03.067822 ---> dias_almacenamiento2 -1.0
- Log: 2022-06-10 23:33:03.067841 --->  - coef euro a dolar : 1.0708001328021248
- Log: 2022-06-10 23:33:03.067859 --->  - subtotal1 : 149.72
- Log: 2022-06-10 23:33:03.067892 --->  - subtotal2_flete : 329.12
- Log: 2022-06-10 23:33:03.067917 --->  - subtotal3_dexport : 329.9428
- Log: 2022-06-10 23:33:03.067941 --->  - subtotal4_utilidad : 331.92245679999996
- Log: 2022-06-10 23:33:03.068315 --->  - total_almacenaje_dolares : -0.0
- Log: 2022-06-10 23:33:03.068339 --->  - subtotal5 : 331.92245679999996
- Log: 2022-06-10 23:33:03.068365 --->  - coef_cotizador : 2.216954694095645
- Log: 2022-06-10 23:33:03.068387 ---> ------------------------------------------------
- Log: 2022-06-10 23:33:05.709632 ---> Calculando coef para los valores de:
- Log: 2022-06-10 23:33:05.709675 ---> total_euros : 159.64
- Log: 2022-06-10 23:33:05.709696 ---> total_peso : 6.18
- Log: 2022-06-10 23:33:05.709715 ---> gasto_envio_local: 0.0
- Log: 2022-06-10 23:33:05.709732 ---> gasto_envio_despacho 0.0
- Log: 2022-06-10 23:33:05.709748 ---> dias_almacenamiento2 -1.0
- Log: 2022-06-10 23:33:05.709767 --->  - coef euro a dolar : 1.0708001328021248
- Log: 2022-06-10 23:33:05.709784 --->  - subtotal1 : 159.64
- Log: 2022-06-10 23:33:05.709811 --->  - subtotal2_flete : 345.03999999999996
- Log: 2022-06-10 23:33:05.709830 --->  - subtotal3_dexport : 345.90259999999995
- Log: 2022-06-10 23:33:05.709848 --->  - subtotal4_utilidad : 347.97801559999994
- Log: 2022-06-10 23:33:05.709990 --->  - total_almacenaje_dolares : -0.0
- Log: 2022-06-10 23:33:05.710013 --->  - subtotal5 : 347.97801559999994
- Log: 2022-06-10 23:33:05.710039 --->  - coef_cotizador : 2.179767073415184
- Log: 2022-06-10 23:33:05.710061 ---> ------------------------------------------------
- Log: 2022-06-10 23:33:05.936089 ---> Calculando coef para los valores de:
- Log: 2022-06-10 23:33:05.936133 ---> total_euros : 159.64
- Log: 2022-06-10 23:33:05.936155 ---> total_peso : 6.18
- Log: 2022-06-10 23:33:05.936174 ---> gasto_envio_local: 0.0
- Log: 2022-06-10 23:33:05.936191 ---> gasto_envio_despacho 0.0
- Log: 2022-06-10 23:33:05.936209 ---> dias_almacenamiento2 -1.0
- Log: 2022-06-10 23:33:05.936227 --->  - coef euro a dolar : 1.0708001328021248
- Log: 2022-06-10 23:33:05.936246 --->  - subtotal1 : 159.64
- Log: 2022-06-10 23:33:05.936272 --->  - subtotal2_flete : 345.03999999999996
- Log: 2022-06-10 23:33:05.936292 --->  - subtotal3_dexport : 345.90259999999995
- Log: 2022-06-10 23:33:05.936310 --->  - subtotal4_utilidad : 347.97801559999994
- Log: 2022-06-10 23:33:05.936460 --->  - total_almacenaje_dolares : -0.0
- Log: 2022-06-10 23:33:05.936492 --->  - subtotal5 : 347.97801559999994
- Log: 2022-06-10 23:33:05.936518 --->  - coef_cotizador : 2.179767073415184
- Log: 2022-06-10 23:33:05.936539 ---> ------------------------------------------------
- Log: 2022-06-10 23:33:10.720019 ---> Calculando coef para los valores de:
- Log: 2022-06-10 23:33:10.720072 ---> total_euros : 159.64
- Log: 2022-06-10 23:33:10.720097 ---> total_peso : 6.18
- Log: 2022-06-10 23:33:10.720116 ---> gasto_envio_local: 0.0
- Log: 2022-06-10 23:33:10.720133 ---> gasto_envio_despacho 0.0
- Log: 2022-06-10 23:33:10.720150 ---> dias_almacenamiento2 -1.0
- Log: 2022-06-10 23:33:10.720169 --->  - coef euro a dolar : 1.0708001328021248
- Log: 2022-06-10 23:33:10.720186 --->  - subtotal1 : 159.64
- Log: 2022-06-10 23:33:10.720213 --->  - subtotal2_flete : 345.03999999999996
- Log: 2022-06-10 23:33:10.720233 --->  - subtotal3_dexport : 345.90259999999995
- Log: 2022-06-10 23:33:10.720253 --->  - subtotal4_utilidad : 347.97801559999994
- Log: 2022-06-10 23:33:10.720407 --->  - total_almacenaje_dolares : -0.0
- Log: 2022-06-10 23:33:10.720430 --->  - subtotal5 : 347.97801559999994
- Log: 2022-06-10 23:33:10.720454 --->  - coef_cotizador : 2.179767073415184
- Log: 2022-06-10 23:33:10.720476 ---> ------------------------------------------------
- Log: 2022-06-10 23:33:15.383888 ---> Calculando coef para los valores de:
- Log: 2022-06-10 23:33:15.383933 ---> total_euros : 159.64
- Log: 2022-06-10 23:33:15.383955 ---> total_peso : 6.18
- Log: 2022-06-10 23:33:15.383974 ---> gasto_envio_local: 0.0
- Log: 2022-06-10 23:33:15.383992 ---> gasto_envio_despacho 0.0
- Log: 2022-06-10 23:33:15.384008 ---> dias_almacenamiento2 -1.0
- Log: 2022-06-10 23:33:15.384027 --->  - coef euro a dolar : 1.0708001328021248
- Log: 2022-06-10 23:33:15.384045 --->  - subtotal1 : 159.64
- Log: 2022-06-10 23:33:15.384072 --->  - subtotal2_flete : 345.03999999999996
- Log: 2022-06-10 23:33:15.384092 --->  - subtotal3_dexport : 345.90259999999995
- Log: 2022-06-10 23:33:15.384111 --->  - subtotal4_utilidad : 347.97801559999994
- Log: 2022-06-10 23:33:15.384253 --->  - total_almacenaje_dolares : -0.0
- Log: 2022-06-10 23:33:15.384278 --->  - subtotal5 : 347.97801559999994
- Log: 2022-06-10 23:33:15.384304 --->  - coef_cotizador : 2.179767073415184
- Log: 2022-06-10 23:33:15.384326 ---> ------------------------------------------------
- Log: 2022-06-10 23:42:54.249647 ---> Calculando coef para los valores de:
- Log: 2022-06-10 23:42:54.249872 ---> total_euros : 287.33
- Log: 2022-06-10 23:42:54.250008 ---> total_peso : 6.18
- Log: 2022-06-10 23:42:54.250127 ---> gasto_envio_local: 0.0
- Log: 2022-06-10 23:42:54.250238 ---> gasto_envio_despacho 0.0
- Log: 2022-06-10 23:42:54.250345 ---> dias_almacenamiento2 0.0
- Log: 2022-06-10 23:42:54.250467 --->  - coef euro a dolar : 1.1570247933884297
- Log: 2022-06-10 23:42:54.250641 --->  - subtotal1 : 287.33
- Log: 2022-06-10 23:42:54.250903 --->  - subtotal2_flete : 472.72999999999996
- Log: 2022-06-10 23:42:54.251047 --->  - subtotal3_dexport : 590.9124999999999
- Log: 2022-06-10 23:42:54.251173 --->  - subtotal4_utilidad : 945.4599999999998
- Log: 2022-06-10 23:42:54.253028 --->  - total_almacenaje_dolares : 0.0
- Log: 2022-06-10 23:42:54.253214 --->  - subtotal5 : 945.4599999999998
- Log: 2022-06-10 23:42:54.253390 --->  - coef_cotizador : 3.290502210002436
- Log: 2022-06-10 23:42:54.253529 ---> ------------------------------------------------
- Log: 2022-06-11 20:09:21.195671 ---> Calculando coef para los valores de:
- Log: 2022-06-11 20:09:21.195895 ---> total_euros : 287.33
- Log: 2022-06-11 20:09:21.196032 ---> total_peso : 6.18
- Log: 2022-06-11 20:09:21.196149 ---> gasto_envio_local: 0.0
- Log: 2022-06-11 20:09:21.196259 ---> gasto_envio_despacho 0.0
- Log: 2022-06-11 20:09:21.196368 ---> dias_almacenamiento2 0.0
- Log: 2022-06-11 20:09:21.196490 --->  - coef euro a dolar : 1.1570247933884297
- Log: 2022-06-11 20:09:21.196606 --->  - subtotal1 : 287.33
- Log: 2022-06-11 20:09:21.196764 --->  - subtotal2_flete : 472.72999999999996
- Log: 2022-06-11 20:09:21.196889 --->  - subtotal3_dexport : 590.9124999999999
- Log: 2022-06-11 20:09:21.197041 --->  - subtotal4_utilidad : 945.4599999999998
- Log: 2022-06-11 20:09:21.199121 --->  - total_almacenaje_dolares : 0.0
- Log: 2022-06-11 20:09:21.199305 --->  - subtotal5 : 945.4599999999998
- Log: 2022-06-11 20:09:21.199480 --->  - coef_cotizador : 3.290502210002436
- Log: 2022-06-11 20:09:21.199619 ---> ------------------------------------------------
- Log: 2022-06-13 11:45:17.811902 ---> Calculando coef para los valores de:
- Log: 2022-06-13 11:45:17.812125 ---> total_euros : 287.33
- Log: 2022-06-13 11:45:17.812263 ---> total_peso : 6.18
- Log: 2022-06-13 11:45:17.812382 ---> gasto_envio_local: 50.0
- Log: 2022-06-13 11:45:17.812494 ---> gasto_envio_despacho 100.0
- Log: 2022-06-13 11:45:17.812606 ---> dias_almacenamiento2 0.0
- Log: 2022-06-13 11:45:17.812727 --->  - coef euro a dolar : 1.1570247933884297
- Log: 2022-06-13 11:45:17.812844 --->  - subtotal1 : 287.33
- Log: 2022-06-13 11:45:17.813001 --->  - subtotal2_flete : 472.72999999999996
- Log: 2022-06-13 11:45:17.813127 --->  - subtotal3_dexport : 590.9124999999999
- Log: 2022-06-13 11:45:17.813246 --->  - subtotal4_utilidad : 945.4599999999998
- Log: 2022-06-13 11:45:17.814657 --->  - total_almacenaje_dolares : 0.0
- Log: 2022-06-13 11:45:17.814854 --->  - subtotal5 : 1095.4599999999998
- Log: 2022-06-13 11:45:17.815029 --->  - coef_cotizador : 3.8125500295827095
- Log: 2022-06-13 11:45:17.815166 ---> ------------------------------------------------
- Log: 2022-06-13 11:47:01.692835 ---> Calculando coef para los valores de:
- Log: 2022-06-13 11:47:01.693050 ---> total_euros : 287.33
- Log: 2022-06-13 11:47:01.693188 ---> total_peso : 6.18
- Log: 2022-06-13 11:47:01.693306 ---> gasto_envio_local: 50.0
- Log: 2022-06-13 11:47:01.693441 ---> gasto_envio_despacho 100.0
- Log: 2022-06-13 11:47:01.693554 ---> dias_almacenamiento2 -1.0
- Log: 2022-06-13 11:47:01.693676 --->  - coef euro a dolar : 1.1570247933884297
- Log: 2022-06-13 11:47:01.693793 --->  - subtotal1 : 287.33
- Log: 2022-06-13 11:47:01.693949 --->  - subtotal2_flete : 472.72999999999996
- Log: 2022-06-13 11:47:01.694070 --->  - subtotal3_dexport : 590.9124999999999
- Log: 2022-06-13 11:47:01.694186 --->  - subtotal4_utilidad : 886.3687499999999
- Log: 2022-06-13 11:47:01.694984 --->  - total_almacenaje_dolares : -0.0
- Log: 2022-06-13 11:47:01.695133 --->  - subtotal5 : 1036.3687499999999
- Log: 2022-06-13 11:47:01.695292 --->  - coef_cotizador : 3.606893641457557
- Log: 2022-06-13 11:47:01.695424 ---> ------------------------------------------------
- Log: 2022-06-13 11:49:05.314178 ---> Calculando coef para los valores de:
- Log: 2022-06-13 11:49:05.314474 ---> total_euros : 287.33
- Log: 2022-06-13 11:49:05.347179 ---> total_peso : 6.18
- Log: 2022-06-13 11:49:05.347373 ---> gasto_envio_local: 50.0
- Log: 2022-06-13 11:49:05.347507 ---> gasto_envio_despacho 100.0
- Log: 2022-06-13 11:49:05.347631 ---> dias_almacenamiento2 -1.0
- Log: 2022-06-13 11:49:05.347768 --->  - coef euro a dolar : 1.1570247933884297
- Log: 2022-06-13 11:49:05.347894 --->  - subtotal1 : 287.33
- Log: 2022-06-13 11:49:05.348065 --->  - subtotal2_flete : 398.57
- Log: 2022-06-13 11:49:05.348186 --->  - subtotal3_dexport : 498.2125
- Log: 2022-06-13 11:49:05.348302 --->  - subtotal4_utilidad : 747.3187499999999
- Log: 2022-06-13 11:49:05.349865 --->  - total_almacenaje_dolares : -0.0
- Log: 2022-06-13 11:49:05.350050 --->  - subtotal5 : 897.3187499999999
- Log: 2022-06-13 11:49:05.350224 --->  - coef_cotizador : 3.122955312706644
- Log: 2022-06-13 11:49:05.350376 ---> ------------------------------------------------
- Log: 2022-06-13 11:49:57.016986 ---> Calculando coef para los valores de:
- Log: 2022-06-13 11:49:57.017241 ---> total_euros : 287.33
- Log: 2022-06-13 11:49:57.017392 ---> total_peso : 6.18
- Log: 2022-06-13 11:49:57.017513 ---> gasto_envio_local: 50.0
- Log: 2022-06-13 11:49:57.017626 ---> gasto_envio_despacho 100.0
- Log: 2022-06-13 11:49:57.017739 ---> dias_almacenamiento2 -1.0
- Log: 2022-06-13 11:49:57.017862 --->  - coef euro a dolar : 1.1570247933884297
- Log: 2022-06-13 11:49:57.018007 --->  - subtotal1 : 287.33
- Log: 2022-06-13 11:49:57.018165 --->  - subtotal2_flete : 398.57
- Log: 2022-06-13 11:49:57.018283 --->  - subtotal3_dexport : 498.2125
- Log: 2022-06-13 11:49:57.018403 --->  - subtotal4_utilidad : 797.1399999999999
- Log: 2022-06-13 11:49:57.019298 --->  - total_almacenaje_dolares : -0.0
- Log: 2022-06-13 11:49:57.019485 --->  - subtotal5 : 947.1399999999999
- Log: 2022-06-13 11:49:57.019660 --->  - coef_cotizador : 3.296349145581735
- Log: 2022-06-13 11:49:57.019801 ---> ------------------------------------------------
- Log: 2022-06-13 11:50:25.125922 ---> Calculando coef para los valores de:
- Log: 2022-06-13 11:50:25.126135 ---> total_euros : 287.33
- Log: 2022-06-13 11:50:25.126271 ---> total_peso : 6.18
- Log: 2022-06-13 11:50:25.126389 ---> gasto_envio_local: 50.0
- Log: 2022-06-13 11:50:25.126499 ---> gasto_envio_despacho 100.0
- Log: 2022-06-13 11:50:25.126610 ---> dias_almacenamiento2 10.0
- Log: 2022-06-13 11:50:25.126818 --->  - coef euro a dolar : 1.1570247933884297
- Log: 2022-06-13 11:50:25.126936 --->  - subtotal1 : 287.33
- Log: 2022-06-13 11:50:25.127091 --->  - subtotal2_flete : 398.57
- Log: 2022-06-13 11:50:25.127213 --->  - subtotal3_dexport : 498.2125
- Log: 2022-06-13 11:50:25.127330 --->  - subtotal4_utilidad : 797.1399999999999
- Log: 2022-06-13 11:50:25.128209 --->  - total_almacenaje_dolares : 40.0
- Log: 2022-06-13 11:50:25.128391 --->  - subtotal5 : 987.1399999999999
- Log: 2022-06-13 11:50:25.128563 --->  - coef_cotizador : 3.435561897469808
- Log: 2022-06-13 11:50:25.128698 ---> ------------------------------------------------
- Log: 2022-06-13 11:50:48.087358 ---> Calculando coef para los valores de:
- Log: 2022-06-13 11:50:48.087583 ---> total_euros : 287.33
- Log: 2022-06-13 11:50:48.087720 ---> total_peso : 6.18
- Log: 2022-06-13 11:50:48.087838 ---> gasto_envio_local: 50.0
- Log: 2022-06-13 11:50:48.087948 ---> gasto_envio_despacho 100.0
- Log: 2022-06-13 11:50:48.088059 ---> dias_almacenamiento2 10.0
- Log: 2022-06-13 11:50:48.088183 --->  - coef euro a dolar : 1.1570247933884297
- Log: 2022-06-13 11:50:48.088300 --->  - subtotal1 : 287.33
- Log: 2022-06-13 11:50:48.088457 --->  - subtotal2_flete : 398.57
- Log: 2022-06-13 11:50:48.088579 --->  - subtotal3_dexport : 498.2125
- Log: 2022-06-13 11:50:48.088699 --->  - subtotal4_utilidad : 797.1399999999999
- Log: 2022-06-13 11:50:48.089559 --->  - total_almacenaje_dolares : 40.0
- Log: 2022-06-13 11:50:48.089741 --->  - subtotal5 : 987.1399999999999
- Log: 2022-06-13 11:50:48.089915 --->  - coef_cotizador : 3.435561897469808
- Log: 2022-06-13 11:50:48.090056 ---> ------------------------------------------------
- Log: 2022-06-13 11:52:11.349246 ---> Calculando coef para los valores de:
- Log: 2022-06-13 11:52:11.349476 ---> total_euros : 287.33
- Log: 2022-06-13 11:52:11.349684 ---> total_peso : 6.18
- Log: 2022-06-13 11:52:11.349826 ---> gasto_envio_local: 50.0
- Log: 2022-06-13 11:52:11.349944 ---> gasto_envio_despacho 100.0
- Log: 2022-06-13 11:52:11.350056 ---> dias_almacenamiento2 10.0
- Log: 2022-06-13 11:52:11.350181 --->  - coef euro a dolar : 1.1570247933884297
- Log: 2022-06-13 11:52:11.350298 --->  - subtotal1 : 287.33
- Log: 2022-06-13 11:52:11.350457 --->  - subtotal2_flete : 398.57
- Log: 2022-06-13 11:52:11.350581 --->  - subtotal3_dexport : 498.2125
- Log: 2022-06-13 11:52:11.350764 --->  - subtotal4_utilidad : 797.1399999999999
- Log: 2022-06-13 11:52:11.351672 --->  - total_almacenaje_dolares : 40.0
- Log: 2022-06-13 11:52:11.351857 --->  - subtotal5 : 987.1399999999999
- Log: 2022-06-13 11:52:11.352123 --->  - coef_cotizador : 3.435561897469808
- Log: 2022-06-13 11:52:11.352276 ---> ------------------------------------------------
- Log: 2022-06-13 11:59:25.979936 ---> Calculando coef para los valores de:
- Log: 2022-06-13 11:59:25.980145 ---> total_euros : 287.33
- Log: 2022-06-13 11:59:25.980282 ---> total_peso : 6.18
- Log: 2022-06-13 11:59:25.980399 ---> gasto_envio_local: 50.0
- Log: 2022-06-13 11:59:25.980509 ---> gasto_envio_despacho 100.0
- Log: 2022-06-13 11:59:25.980643 ---> dias_almacenamiento2 10.0
- Log: 2022-06-13 11:59:25.980764 --->  - coef euro a dolar : 1.1570247933884297
- Log: 2022-06-13 11:59:25.980878 --->  - subtotal1 : 287.33
- Log: 2022-06-13 11:59:25.981031 --->  - subtotal2_flete : 398.57
- Log: 2022-06-13 11:59:25.981151 --->  - subtotal3_dexport : 498.2125
- Log: 2022-06-13 11:59:25.981272 --->  - subtotal4_utilidad : 797.1399999999999
- Log: 2022-06-13 11:59:25.982136 --->  - total_almacenaje_dolares : 40.0
- Log: 2022-06-13 11:59:25.982316 --->  - subtotal5 : 987.1399999999999
- Log: 2022-06-13 11:59:25.982490 --->  - coef_cotizador : 3.435561897469808
- Log: 2022-06-13 11:59:25.982662 ---> ------------------------------------------------
- Log: 2022-06-13 11:59:37.519539 ---> Calculando coef para los valores de:
- Log: 2022-06-13 11:59:37.519755 ---> total_euros : 287.33
- Log: 2022-06-13 11:59:37.519894 ---> total_peso : 6.18
- Log: 2022-06-13 11:59:37.520008 ---> gasto_envio_local: 50.0
- Log: 2022-06-13 11:59:37.520118 ---> gasto_envio_despacho 100.0
- Log: 2022-06-13 11:59:37.520225 ---> dias_almacenamiento2 10.0
- Log: 2022-06-13 11:59:37.520345 --->  - coef euro a dolar : 1.1570247933884297
- Log: 2022-06-13 11:59:37.520458 --->  - subtotal1 : 287.33
- Log: 2022-06-13 11:59:37.520609 --->  - subtotal2_flete : 398.57
- Log: 2022-06-13 11:59:37.520723 --->  - subtotal3_dexport : 498.2125
- Log: 2022-06-13 11:59:37.520836 --->  - subtotal4_utilidad : 747.3187499999999
- Log: 2022-06-13 11:59:37.521713 --->  - total_almacenaje_dolares : 40.0
- Log: 2022-06-13 11:59:37.521889 --->  - subtotal5 : 937.3187499999999
- Log: 2022-06-13 11:59:37.522097 --->  - coef_cotizador : 3.2621680645947166
- Log: 2022-06-13 11:59:37.522242 ---> ------------------------------------------------
- Log: 2022-06-13 11:59:46.387198 ---> Calculando coef para los valores de:
- Log: 2022-06-13 11:59:46.387282 ---> total_euros : 287.33
- Log: 2022-06-13 11:59:46.387330 ---> total_peso : 6.18
- Log: 2022-06-13 11:59:46.387372 ---> gasto_envio_local: 50.0
- Log: 2022-06-13 11:59:46.387412 ---> gasto_envio_despacho 100.0
- Log: 2022-06-13 11:59:46.387451 ---> dias_almacenamiento2 10.0
- Log: 2022-06-13 11:59:46.387494 --->  - coef euro a dolar : 1.1570247933884297
- Log: 2022-06-13 11:59:46.387552 --->  - subtotal1 : 287.33
- Log: 2022-06-13 11:59:46.387638 --->  - subtotal2_flete : 398.57
- Log: 2022-06-13 11:59:46.387683 --->  - subtotal3_dexport : 498.2125
- Log: 2022-06-13 11:59:46.387723 --->  - subtotal4_utilidad : 747.3187499999999
- Log: 2022-06-13 11:59:46.388075 --->  - total_almacenaje_dolares : 40.0
- Log: 2022-06-13 11:59:46.388152 --->  - subtotal5 : 937.3187499999999
- Log: 2022-06-13 11:59:46.388208 --->  - coef_cotizador : 3.2621680645947166
- Log: 2022-06-13 11:59:46.388254 ---> ------------------------------------------------
- Log: 2022-06-13 12:10:36.462762 ---> Calculando coef para los valores de:
- Log: 2022-06-13 12:10:36.462990 ---> total_euros : 287.33
- Log: 2022-06-13 12:10:36.463176 ---> total_peso : 5.9
- Log: 2022-06-13 12:10:36.463302 ---> gasto_envio_local: 50.0
- Log: 2022-06-13 12:10:36.463413 ---> gasto_envio_despacho 100.0
- Log: 2022-06-13 12:10:36.463521 ---> dias_almacenamiento2 10.0
- Log: 2022-06-13 12:10:36.463638 --->  - coef euro a dolar : 1.1570247933884297
- Log: 2022-06-13 12:10:36.463750 --->  - subtotal1 : 287.33
- Log: 2022-06-13 12:10:36.463903 --->  - subtotal2_flete : 393.53
- Log: 2022-06-13 12:10:36.464021 --->  - subtotal3_dexport : 491.91249999999997
- Log: 2022-06-13 12:10:36.464133 --->  - subtotal4_utilidad : 737.86875
- Log: 2022-06-13 12:10:36.465010 --->  - total_almacenaje_dolares : 40.0
- Log: 2022-06-13 12:10:36.465187 --->  - subtotal5 : 927.86875
- Log: 2022-06-13 12:10:36.465358 --->  - coef_cotizador : 3.22927905196116
- Log: 2022-06-13 12:10:36.465493 ---> ------------------------------------------------
- Log: 2022-06-13 12:11:26.051481 ---> Calculando coef para los valores de:
- Log: 2022-06-13 12:11:26.051749 ---> total_euros : 287.33
- Log: 2022-06-13 12:11:26.054815 ---> total_peso : 6.18
- Log: 2022-06-13 12:11:26.055010 ---> gasto_envio_local: 50.0
- Log: 2022-06-13 12:11:26.055135 ---> gasto_envio_despacho 100.0
- Log: 2022-06-13 12:11:26.055250 ---> dias_almacenamiento2 10.0
- Log: 2022-06-13 12:11:26.055375 --->  - coef euro a dolar : 1.1570247933884297
- Log: 2022-06-13 12:11:26.055493 --->  - subtotal1 : 287.33
- Log: 2022-06-13 12:11:26.055659 --->  - subtotal2_flete : 398.57
- Log: 2022-06-13 12:11:26.055782 --->  - subtotal3_dexport : 498.2125
- Log: 2022-06-13 12:11:26.055902 --->  - subtotal4_utilidad : 797.1399999999999
- Log: 2022-06-13 12:11:26.056817 --->  - total_almacenaje_dolares : 40.0
- Log: 2022-06-13 12:11:26.056998 --->  - subtotal5 : 987.1399999999999
- Log: 2022-06-13 12:11:26.057171 --->  - coef_cotizador : 3.435561897469808
- Log: 2022-06-13 12:11:26.057312 ---> ------------------------------------------------
- Log: 2022-06-14 01:23:51.262003 ---> Calculando coef para los valores de:
- Log: 2022-06-14 01:23:51.262240 ---> total_euros : 37.22
- Log: 2022-06-14 01:23:51.262429 ---> total_peso : 0.84
- Log: 2022-06-14 01:23:51.262559 ---> gasto_envio_local: 0.0
- Log: 2022-06-14 01:23:51.262708 ---> gasto_envio_despacho 0.0
- Log: 2022-06-14 01:23:51.262828 ---> dias_almacenamiento2 0.0
- Log: 2022-06-14 01:23:51.262952 --->  - coef euro a dolar : 1.1570247933884297
- Log: 2022-06-14 01:23:51.263070 --->  - subtotal1 : 37.22
- Log: 2022-06-14 01:23:51.263231 --->  - subtotal2_flete : 62.42
- Log: 2022-06-14 01:23:51.263354 --->  - subtotal3_dexport : 78.025
- Log: 2022-06-14 01:23:51.263474 --->  - subtotal4_utilidad : 124.84
- Log: 2022-06-14 01:23:51.264952 --->  - total_almacenaje_dolares : 0.0
- Log: 2022-06-14 01:23:51.265132 --->  - subtotal5 : 124.84
- Log: 2022-06-14 01:23:51.265307 --->  - coef_cotizador : 3.3541106931757123
- Log: 2022-06-14 01:23:51.265444 ---> ------------------------------------------------
- Log: 2022-06-14 01:27:23.305301 ---> Calculando coef para los valores de:
- Log: 2022-06-14 01:27:23.305526 ---> total_euros : 37.22
- Log: 2022-06-14 01:27:23.305662 ---> total_peso : 0.84
- Log: 2022-06-14 01:27:23.305778 ---> gasto_envio_local: 0.0
- Log: 2022-06-14 01:27:23.305887 ---> gasto_envio_despacho 0.0
- Log: 2022-06-14 01:27:23.305993 ---> dias_almacenamiento2 0.0
- Log: 2022-06-14 01:27:23.306113 --->  - coef euro a dolar : 1.1570247933884297
- Log: 2022-06-14 01:27:23.306231 --->  - subtotal1 : 37.22
- Log: 2022-06-14 01:27:23.306390 --->  - subtotal2_flete : 62.42
- Log: 2022-06-14 01:27:23.306512 --->  - subtotal3_dexport : 78.025
- Log: 2022-06-14 01:27:23.306661 --->  - subtotal4_utilidad : 124.84
- Log: 2022-06-14 01:27:23.308541 --->  - total_almacenaje_dolares : 0.0
- Log: 2022-06-14 01:27:23.308720 --->  - subtotal5 : 124.84
- Log: 2022-06-14 01:27:23.308894 --->  - coef_cotizador : 3.3541106931757123
- Log: 2022-06-14 01:27:23.309032 ---> ------------------------------------------------
- Log: 2022-06-14 01:27:25.719514 ---> Calculando coef para los valores de:
- Log: 2022-06-14 01:27:25.719731 ---> total_euros : 124.84
- Log: 2022-06-14 01:27:25.719904 ---> total_peso : 0.84
- Log: 2022-06-14 01:27:25.720026 ---> gasto_envio_local: 0.0
- Log: 2022-06-14 01:27:25.720133 ---> gasto_envio_despacho 0.0
- Log: 2022-06-14 01:27:25.720236 ---> dias_almacenamiento2 -1.0
- Log: 2022-06-14 01:27:25.720354 --->  - coef euro a dolar : 1.1570247933884297
- Log: 2022-06-14 01:27:25.720467 --->  - subtotal1 : 124.84
- Log: 2022-06-14 01:27:25.720620 --->  - subtotal2_flete : 150.04
- Log: 2022-06-14 01:27:25.720736 --->  - subtotal3_dexport : 187.54999999999998
- Log: 2022-06-14 01:27:25.720848 --->  - subtotal4_utilidad : 300.08
- Log: 2022-06-14 01:27:25.722760 --->  - total_almacenaje_dolares : -0.0
- Log: 2022-06-14 01:27:25.722944 --->  - subtotal5 : 300.08
- Log: 2022-06-14 01:27:25.723114 --->  - coef_cotizador : 2.4037167574495353
- Log: 2022-06-14 01:27:25.723251 ---> ------------------------------------------------
- Log: 2022-06-14 14:29:34.591046 ---> Calculando coef para los valores de:
- Log: 2022-06-14 14:29:34.591315 ---> total_euros : 0.0
- Log: 2022-06-14 14:29:34.591494 ---> total_peso : 2950.0
- Log: 2022-06-14 14:29:34.591615 ---> gasto_envio_local: 0.0
- Log: 2022-06-14 14:29:34.591724 ---> gasto_envio_despacho 0.0
- Log: 2022-06-14 14:29:34.591829 ---> dias_almacenamiento2 0.0
- Log: 2022-06-14 14:29:34.591948 --->  - coef euro a dolar : 1.1570247933884297
- Log: 2022-06-14 14:29:34.592060 --->  - subtotal1 : 0.0
- Log: 2022-06-14 14:29:34.592216 --->  - subtotal2_flete : 53100.0
- Log: 2022-06-14 14:29:34.592335 --->  - subtotal3_dexport : 66375.0
- Log: 2022-06-14 14:29:34.592448 --->  - subtotal4_utilidad : 106200.0
- Log: 2022-06-14 14:29:34.593931 --->  - total_almacenaje_dolares : 0.0
- Log: 2022-06-14 14:29:34.594108 --->  - subtotal5 : 106200.0
- Log: 2022-06-14 14:29:43.869589 ---> Calculando coef para los valores de:
- Log: 2022-06-14 14:29:43.869892 ---> total_euros : 0.0
- Log: 2022-06-14 14:29:43.870046 ---> total_peso : 2950.0
- Log: 2022-06-14 14:29:43.870167 ---> gasto_envio_local: 0.0
- Log: 2022-06-14 14:29:43.870275 ---> gasto_envio_despacho 0.0
- Log: 2022-06-14 14:29:43.870378 ---> dias_almacenamiento2 0.0
- Log: 2022-06-14 14:29:43.870496 --->  - coef euro a dolar : 1.1570247933884297
- Log: 2022-06-14 14:29:43.870606 --->  - subtotal1 : 0.0
- Log: 2022-06-14 14:29:43.870812 --->  - subtotal2_flete : 53100.0
- Log: 2022-06-14 14:29:43.870935 --->  - subtotal3_dexport : 66375.0
- Log: 2022-06-14 14:29:43.871048 --->  - subtotal4_utilidad : 106200.0
- Log: 2022-06-14 14:29:43.872547 --->  - total_almacenaje_dolares : 0.0
- Log: 2022-06-14 14:29:43.872718 --->  - subtotal5 : 106200.0
- Log: 2022-06-14 14:29:45.748303 ---> Calculando coef para los valores de:
- Log: 2022-06-14 14:29:45.748513 ---> total_euros : 0.0
- Log: 2022-06-14 14:29:45.748641 ---> total_peso : 2950.0
- Log: 2022-06-14 14:29:45.748755 ---> gasto_envio_local: 0.0
- Log: 2022-06-14 14:29:45.748863 ---> gasto_envio_despacho 0.0
- Log: 2022-06-14 14:29:45.748967 ---> dias_almacenamiento2 0.0
- Log: 2022-06-14 14:29:45.749084 --->  - coef euro a dolar : 1.1570247933884297
- Log: 2022-06-14 14:29:45.749192 --->  - subtotal1 : 0.0
- Log: 2022-06-14 14:29:45.749348 --->  - subtotal2_flete : 53100.0
- Log: 2022-06-14 14:29:45.749503 --->  - subtotal3_dexport : 66375.0
- Log: 2022-06-14 14:29:45.749731 --->  - subtotal4_utilidad : 106200.0
- Log: 2022-06-14 14:29:45.751194 --->  - total_almacenaje_dolares : 0.0
- Log: 2022-06-14 14:29:45.751372 --->  - subtotal5 : 106200.0
- Log: 2022-06-14 14:30:10.303600 ---> Calculando coef para los valores de:
- Log: 2022-06-14 14:30:10.303817 ---> total_euros : 0.0
- Log: 2022-06-14 14:30:10.304020 ---> total_peso : 29.5
- Log: 2022-06-14 14:30:10.304164 ---> gasto_envio_local: 0.0
- Log: 2022-06-14 14:30:10.304278 ---> gasto_envio_despacho 0.0
- Log: 2022-06-14 14:30:10.304385 ---> dias_almacenamiento2 0.0
- Log: 2022-06-14 14:30:10.304505 --->  - coef euro a dolar : 1.1570247933884297
- Log: 2022-06-14 14:30:10.304618 --->  - subtotal1 : 0.0
- Log: 2022-06-14 14:30:10.304776 --->  - subtotal2_flete : 531.0
- Log: 2022-06-14 14:30:10.304897 --->  - subtotal3_dexport : 663.75
- Log: 2022-06-14 14:30:10.305013 --->  - subtotal4_utilidad : 1062.0
- Log: 2022-06-14 14:30:10.306459 --->  - total_almacenaje_dolares : 0.0
- Log: 2022-06-14 14:30:10.306654 --->  - subtotal5 : 1062.0
- Log: 2022-06-14 14:30:21.535826 ---> Calculando coef para los valores de:
- Log: 2022-06-14 14:30:21.536112 ---> total_euros : 0.0
- Log: 2022-06-14 14:30:21.536264 ---> total_peso : 29.5
- Log: 2022-06-14 14:30:21.536380 ---> gasto_envio_local: 0.0
- Log: 2022-06-14 14:30:21.536485 ---> gasto_envio_despacho 0.0
- Log: 2022-06-14 14:30:21.536586 ---> dias_almacenamiento2 0.0
- Log: 2022-06-14 14:30:21.536701 --->  - coef euro a dolar : 1.1570247933884297
- Log: 2022-06-14 14:30:21.536808 --->  - subtotal1 : 0.0
- Log: 2022-06-14 14:30:21.536962 --->  - subtotal2_flete : 531.0
- Log: 2022-06-14 14:30:21.537078 --->  - subtotal3_dexport : 663.75
- Log: 2022-06-14 14:30:21.537188 --->  - subtotal4_utilidad : 1062.0
- Log: 2022-06-14 14:30:21.538059 --->  - total_almacenaje_dolares : 0.0
- Log: 2022-06-14 14:30:21.538230 --->  - subtotal5 : 1062.0
- Log: 2022-06-14 14:30:26.108140 ---> Calculando coef para los valores de:
- Log: 2022-06-14 14:30:26.108381 ---> total_euros : 0.0
- Log: 2022-06-14 14:30:26.108516 ---> total_peso : 29.5
- Log: 2022-06-14 14:30:26.108629 ---> gasto_envio_local: 0.0
- Log: 2022-06-14 14:30:26.108736 ---> gasto_envio_despacho 0.0
- Log: 2022-06-14 14:30:26.108840 ---> dias_almacenamiento2 0.0
- Log: 2022-06-14 14:30:26.108956 --->  - coef euro a dolar : 1.1570247933884297
- Log: 2022-06-14 14:30:26.109065 --->  - subtotal1 : 0.0
- Log: 2022-06-14 14:30:26.109220 --->  - subtotal2_flete : 531.0
- Log: 2022-06-14 14:30:26.109387 --->  - subtotal3_dexport : 663.75
- Log: 2022-06-14 14:30:26.109513 --->  - subtotal4_utilidad : 1062.0
- Log: 2022-06-14 14:30:26.110360 --->  - total_almacenaje_dolares : 0.0
- Log: 2022-06-14 14:30:26.110579 --->  - subtotal5 : 1062.0
- Log: 2022-06-14 14:30:28.081338 ---> Calculando coef para los valores de:
- Log: 2022-06-14 14:30:28.081553 ---> total_euros : 0.0
- Log: 2022-06-14 14:30:28.081690 ---> total_peso : 29.5
- Log: 2022-06-14 14:30:28.081810 ---> gasto_envio_local: 0.0
- Log: 2022-06-14 14:30:28.081923 ---> gasto_envio_despacho 0.0
- Log: 2022-06-14 14:30:28.082029 ---> dias_almacenamiento2 0.0
- Log: 2022-06-14 14:30:28.082149 --->  - coef euro a dolar : 1.1570247933884297
- Log: 2022-06-14 14:30:28.082261 --->  - subtotal1 : 0.0
- Log: 2022-06-14 14:30:28.082417 --->  - subtotal2_flete : 531.0
- Log: 2022-06-14 14:30:28.082536 --->  - subtotal3_dexport : 663.75
- Log: 2022-06-14 14:30:28.082692 --->  - subtotal4_utilidad : 1062.0
- Log: 2022-06-14 14:30:28.083543 --->  - total_almacenaje_dolares : 0.0
- Log: 2022-06-14 14:30:28.083717 --->  - subtotal5 : 1062.0
- Log: 2022-06-14 14:30:31.029907 ---> Calculando coef para los valores de:
- Log: 2022-06-14 14:30:31.029989 ---> total_euros : 0.0
- Log: 2022-06-14 14:30:31.030036 ---> total_peso : 29.5
- Log: 2022-06-14 14:30:31.030077 ---> gasto_envio_local: 0.0
- Log: 2022-06-14 14:30:31.030116 ---> gasto_envio_despacho 0.0
- Log: 2022-06-14 14:30:31.030152 ---> dias_almacenamiento2 0.0
- Log: 2022-06-14 14:30:31.030194 --->  - coef euro a dolar : 1.1570247933884297
- Log: 2022-06-14 14:30:31.030233 --->  - subtotal1 : 0.0
- Log: 2022-06-14 14:30:31.030289 --->  - subtotal2_flete : 531.0
- Log: 2022-06-14 14:30:31.030331 --->  - subtotal3_dexport : 663.75
- Log: 2022-06-14 14:30:31.030371 --->  - subtotal4_utilidad : 1062.0
- Log: 2022-06-14 14:30:31.030713 --->  - total_almacenaje_dolares : 0.0
- Log: 2022-06-14 14:30:31.030761 --->  - subtotal5 : 1062.0
- Log: 2022-06-14 14:30:33.150194 ---> Calculando coef para los valores de:
- Log: 2022-06-14 14:30:33.150433 ---> total_euros : 0.0
- Log: 2022-06-14 14:30:33.150573 ---> total_peso : 29.5
- Log: 2022-06-14 14:30:33.150740 ---> gasto_envio_local: 0.0
- Log: 2022-06-14 14:30:33.150863 ---> gasto_envio_despacho 0.0
- Log: 2022-06-14 14:30:33.150968 ---> dias_almacenamiento2 0.0
- Log: 2022-06-14 14:30:33.151086 --->  - coef euro a dolar : 1.1570247933884297
- Log: 2022-06-14 14:30:33.151196 --->  - subtotal1 : 0.0
- Log: 2022-06-14 14:30:33.151350 --->  - subtotal2_flete : 531.0
- Log: 2022-06-14 14:30:33.151467 --->  - subtotal3_dexport : 663.75
- Log: 2022-06-14 14:30:33.151578 --->  - subtotal4_utilidad : 1062.0
- Log: 2022-06-14 14:30:33.153385 --->  - total_almacenaje_dolares : 0.0
- Log: 2022-06-14 14:30:33.153556 --->  - subtotal5 : 1062.0
- Log: 2022-06-14 15:35:19.834141 ---> Calculando coef para los valores de:
- Log: 2022-06-14 15:35:19.834385 ---> total_euros : 0.0
- Log: 2022-06-14 15:35:19.834569 ---> total_peso : 0.0
- Log: 2022-06-14 15:35:19.834732 ---> gasto_envio_local: 0.0
- Log: 2022-06-14 15:35:19.834854 ---> gasto_envio_despacho 0.0
- Log: 2022-06-14 15:35:19.834967 ---> dias_almacenamiento2 0.0
- Log: 2022-06-14 15:35:19.835091 --->  - coef euro a dolar : 1.1570247933884297
- Log: 2022-06-14 15:35:19.835207 --->  - subtotal1 : 0.0
- Log: 2022-06-14 15:35:19.835366 --->  - subtotal2_flete : 0.0
- Log: 2022-06-14 15:35:19.835519 --->  - subtotal3_dexport : 0.0
- Log: 2022-06-14 15:35:19.835641 --->  - subtotal4_utilidad : 0.0
- Log: 2022-06-14 15:35:19.836499 --->  - total_almacenaje_dolares : 0.0
- Log: 2022-06-14 15:35:19.836672 --->  - subtotal5 : 0.0
- Log: 2022-06-14 15:39:42.243802 ---> Calculando coef para los valores de:
- Log: 2022-06-14 15:39:42.244050 ---> total_euros : 0.0
- Log: 2022-06-14 15:39:42.244191 ---> total_peso : 0.0
- Log: 2022-06-14 15:39:42.244306 ---> gasto_envio_local: 0.0
- Log: 2022-06-14 15:39:42.244416 ---> gasto_envio_despacho 0.0
- Log: 2022-06-14 15:39:42.244526 ---> dias_almacenamiento2 -1.0
- Log: 2022-06-14 15:39:42.244648 --->  - coef euro a dolar : 1.1570247933884297
- Log: 2022-06-14 15:39:42.244759 --->  - subtotal1 : 0.0
- Log: 2022-06-14 15:39:42.244914 --->  - subtotal2_flete : 0.0
- Log: 2022-06-14 15:39:42.245032 --->  - subtotal3_dexport : 0.0
- Log: 2022-06-14 15:39:42.245145 --->  - subtotal4_utilidad : 0.0
- Log: 2022-06-14 15:39:42.245999 --->  - total_almacenaje_dolares : -0.0
- Log: 2022-06-14 15:39:42.246174 --->  - subtotal5 : 0.0
- Log: 2022-06-14 15:40:28.599978 ---> Calculando coef para los valores de:
- Log: 2022-06-14 15:40:28.600238 ---> total_euros : 0.0
- Log: 2022-06-14 15:40:28.600402 ---> total_peso : 0.0
- Log: 2022-06-14 15:40:28.600521 ---> gasto_envio_local: 0.0
- Log: 2022-06-14 15:40:28.600630 ---> gasto_envio_despacho 0.0
- Log: 2022-06-14 15:40:28.600736 ---> dias_almacenamiento2 -1.0
- Log: 2022-06-14 15:40:28.600855 --->  - coef euro a dolar : 1.1570247933884297
- Log: 2022-06-14 15:40:28.600965 --->  - subtotal1 : 0.0
- Log: 2022-06-14 15:40:28.601115 --->  - subtotal2_flete : 0.0
- Log: 2022-06-14 15:40:28.601228 --->  - subtotal3_dexport : 0.0
- Log: 2022-06-14 15:40:28.601355 --->  - subtotal4_utilidad : 0.0
- Log: 2022-06-14 15:40:28.602240 --->  - total_almacenaje_dolares : -0.0
- Log: 2022-06-14 15:40:28.602414 --->  - subtotal5 : 0.0
- Log: 2022-06-14 15:41:15.660172 ---> Calculando coef para los valores de:
- Log: 2022-06-14 15:41:15.660391 ---> total_euros : 0.0
- Log: 2022-06-14 15:41:15.660522 ---> total_peso : 455.0
- Log: 2022-06-14 15:41:15.660636 ---> gasto_envio_local: 0.0
- Log: 2022-06-14 15:41:15.660747 ---> gasto_envio_despacho 0.0
- Log: 2022-06-14 15:41:15.660854 ---> dias_almacenamiento2 -1.0
- Log: 2022-06-14 15:41:15.660974 --->  - coef euro a dolar : 1.1570247933884297
- Log: 2022-06-14 15:41:15.661085 --->  - subtotal1 : 0.0
- Log: 2022-06-14 15:41:15.661239 --->  - subtotal2_flete : 13650.0
- Log: 2022-06-14 15:41:15.661359 --->  - subtotal3_dexport : 17062.5
- Log: 2022-06-14 15:41:15.661471 --->  - subtotal4_utilidad : 27300.0
- Log: 2022-06-14 15:41:15.662308 --->  - total_almacenaje_dolares : -0.0
- Log: 2022-06-14 15:41:15.662481 --->  - subtotal5 : 27300.0
- Log: 2022-06-14 15:41:31.639051 ---> Calculando coef para los valores de:
- Log: 2022-06-14 15:41:31.639279 ---> total_euros : 0.0
- Log: 2022-06-14 15:41:31.642043 ---> total_peso : 182.0
- Log: 2022-06-14 15:41:31.642198 ---> gasto_envio_local: 0.0
- Log: 2022-06-14 15:41:31.642315 ---> gasto_envio_despacho 0.0
- Log: 2022-06-14 15:41:31.642424 ---> dias_almacenamiento2 -1.0
- Log: 2022-06-14 15:41:31.642544 --->  - coef euro a dolar : 1.1570247933884297
- Log: 2022-06-14 15:41:31.642689 --->  - subtotal1 : 0.0
- Log: 2022-06-14 15:41:31.642860 --->  - subtotal2_flete : 5460.0
- Log: 2022-06-14 15:41:31.642978 --->  - subtotal3_dexport : 6825.0
- Log: 2022-06-14 15:41:31.643091 --->  - subtotal4_utilidad : 10920.0
- Log: 2022-06-14 15:41:31.643974 --->  - total_almacenaje_dolares : -0.0
- Log: 2022-06-14 15:41:31.644146 --->  - subtotal5 : 10920.0
- Log: 2022-06-14 15:42:04.417805 ---> Calculando coef para los valores de:
- Log: 2022-06-14 15:42:04.418057 ---> total_euros : 0.0
- Log: 2022-06-14 15:42:04.418198 ---> total_peso : 91.0
- Log: 2022-06-14 15:42:04.418313 ---> gasto_envio_local: 0.0
- Log: 2022-06-14 15:42:04.418420 ---> gasto_envio_despacho 0.0
- Log: 2022-06-14 15:42:04.418527 ---> dias_almacenamiento2 -1.0
- Log: 2022-06-14 15:42:04.418708 --->  - coef euro a dolar : 1.1570247933884297
- Log: 2022-06-14 15:42:04.418833 --->  - subtotal1 : 0.0
- Log: 2022-06-14 15:42:04.418987 --->  - subtotal2_flete : 2730.0
- Log: 2022-06-14 15:42:04.419107 --->  - subtotal3_dexport : 3412.5
- Log: 2022-06-14 15:42:04.419249 --->  - subtotal4_utilidad : 5460.0
- Log: 2022-06-14 15:42:04.420106 --->  - total_almacenaje_dolares : -0.0
- Log: 2022-06-14 15:42:04.420278 --->  - subtotal5 : 5460.0
- Log: 2022-06-14 15:42:29.483370 ---> Calculando coef para los valores de:
- Log: 2022-06-14 15:42:29.483455 ---> total_euros : 89.15
- Log: 2022-06-14 15:42:29.483512 ---> total_peso : 91.0
- Log: 2022-06-14 15:42:29.483569 ---> gasto_envio_local: 0.0
- Log: 2022-06-14 15:42:29.483612 ---> gasto_envio_despacho 0.0
- Log: 2022-06-14 15:42:29.483649 ---> dias_almacenamiento2 -1.0
- Log: 2022-06-14 15:42:29.483691 --->  - coef euro a dolar : 1.1570247933884297
- Log: 2022-06-14 15:42:29.483731 --->  - subtotal1 : 89.15
- Log: 2022-06-14 15:42:29.483785 --->  - subtotal2_flete : 2819.15
- Log: 2022-06-14 15:42:29.483828 --->  - subtotal3_dexport : 3523.9375
- Log: 2022-06-14 15:42:29.483869 --->  - subtotal4_utilidad : 5638.299999999999
- Log: 2022-06-14 15:42:29.484232 --->  - total_almacenaje_dolares : -0.0
- Log: 2022-06-14 15:42:29.484295 --->  - subtotal5 : 5638.299999999999
- Log: 2022-06-14 15:42:29.484356 --->  - coef_cotizador : 63.245092540661794
- Log: 2022-06-14 15:42:29.484404 ---> ------------------------------------------------
- Log: 2022-06-14 15:43:20.556243 ---> Calculando coef para los valores de:
- Log: 2022-06-14 15:43:20.556496 ---> total_euros : 89.15
- Log: 2022-06-14 15:43:20.556641 ---> total_peso : 0.91
- Log: 2022-06-14 15:43:20.556759 ---> gasto_envio_local: 0.0
- Log: 2022-06-14 15:43:20.556867 ---> gasto_envio_despacho 0.0
- Log: 2022-06-14 15:43:20.556973 ---> dias_almacenamiento2 -1.0
- Log: 2022-06-14 15:43:20.557093 --->  - coef euro a dolar : 1.1570247933884297
- Log: 2022-06-14 15:43:20.557208 --->  - subtotal1 : 89.15
- Log: 2022-06-14 15:43:20.557367 --->  - subtotal2_flete : 116.45
- Log: 2022-06-14 15:43:20.557488 --->  - subtotal3_dexport : 145.5625
- Log: 2022-06-14 15:43:20.557608 --->  - subtotal4_utilidad : 232.89999999999998
- Log: 2022-06-14 15:43:20.558462 --->  - total_almacenaje_dolares : -0.0
- Log: 2022-06-14 15:43:20.558689 --->  - subtotal5 : 232.89999999999998
- Log: 2022-06-14 15:43:20.558885 --->  - coef_cotizador : 2.6124509254066175
- Log: 2022-06-14 15:43:20.559028 ---> ------------------------------------------------
- Log: 2022-06-14 15:45:37.380485 ---> Calculando coef para los valores de:
- Log: 2022-06-14 15:45:37.380578 ---> total_euros : 89.15
- Log: 2022-06-14 15:45:37.380627 ---> total_peso : 0.91
- Log: 2022-06-14 15:45:37.380669 ---> gasto_envio_local: 0.0
- Log: 2022-06-14 15:45:37.380707 ---> gasto_envio_despacho 0.0
- Log: 2022-06-14 15:45:37.380744 ---> dias_almacenamiento2 -1.0
- Log: 2022-06-14 15:45:37.380786 --->  - coef euro a dolar : 1.1570247933884297
- Log: 2022-06-14 15:45:37.380826 --->  - subtotal1 : 89.15
- Log: 2022-06-14 15:45:37.380883 --->  - subtotal2_flete : 116.45
- Log: 2022-06-14 15:45:37.380925 --->  - subtotal3_dexport : 145.5625
- Log: 2022-06-14 15:45:37.380968 --->  - subtotal4_utilidad : 232.89999999999998
- Log: 2022-06-14 15:45:37.381335 --->  - total_almacenaje_dolares : -0.0
- Log: 2022-06-14 15:45:37.381398 --->  - subtotal5 : 232.89999999999998
- Log: 2022-06-14 15:45:37.381461 --->  - coef_cotizador : 2.6124509254066175
- Log: 2022-06-14 15:45:37.381509 ---> ------------------------------------------------
- Log: 2022-06-14 15:45:56.898367 ---> Calculando coef para los valores de:
- Log: 2022-06-14 15:45:56.898586 ---> total_euros : 89.15
- Log: 2022-06-14 15:45:56.898764 ---> total_peso : 0.91
- Log: 2022-06-14 15:45:56.898884 ---> gasto_envio_local: 0.0
- Log: 2022-06-14 15:45:56.898991 ---> gasto_envio_despacho 0.0
- Log: 2022-06-14 15:45:56.899096 ---> dias_almacenamiento2 -1.0
- Log: 2022-06-14 15:45:56.899212 --->  - coef euro a dolar : 1.1570247933884297
- Log: 2022-06-14 15:45:56.899353 --->  - subtotal1 : 89.15
- Log: 2022-06-14 15:45:56.899512 --->  - subtotal2_flete : 116.45
- Log: 2022-06-14 15:45:56.899632 --->  - subtotal3_dexport : 145.5625
- Log: 2022-06-14 15:45:56.899747 --->  - subtotal4_utilidad : 232.89999999999998
- Log: 2022-06-14 15:45:56.900595 --->  - total_almacenaje_dolares : -0.0
- Log: 2022-06-14 15:45:56.900771 --->  - subtotal5 : 232.89999999999998
- Log: 2022-06-14 15:45:56.900941 --->  - coef_cotizador : 2.6124509254066175
- Log: 2022-06-14 15:45:56.901075 ---> ------------------------------------------------
- Log: 2022-06-14 15:46:18.217070 ---> Calculando coef para los valores de:
- Log: 2022-06-14 15:46:18.217294 ---> total_euros : 693.95
- Log: 2022-06-14 15:46:18.217431 ---> total_peso : 4.55
- Log: 2022-06-14 15:46:18.217549 ---> gasto_envio_local: 0.0
- Log: 2022-06-14 15:46:18.217659 ---> gasto_envio_despacho 0.0
- Log: 2022-06-14 15:46:18.217767 ---> dias_almacenamiento2 -1.0
- Log: 2022-06-14 15:46:18.217888 --->  - coef euro a dolar : 1.1570247933884297
- Log: 2022-06-14 15:46:18.218005 --->  - subtotal1 : 693.95
- Log: 2022-06-14 15:46:18.218164 --->  - subtotal2_flete : 830.45
- Log: 2022-06-14 15:46:18.218284 --->  - subtotal3_dexport : 1038.0625
- Log: 2022-06-14 15:46:18.218401 --->  - subtotal4_utilidad : 1660.9
- Log: 2022-06-14 15:46:18.219283 --->  - total_almacenaje_dolares : -0.0
- Log: 2022-06-14 15:46:18.219467 --->  - subtotal5 : 1660.9
- Log: 2022-06-14 15:46:18.219644 --->  - coef_cotizador : 2.393400100871821
- Log: 2022-06-14 15:46:18.219785 ---> ------------------------------------------------
- Log: 2022-06-14 15:46:56.620046 ---> Calculando coef para los valores de:
- Log: 2022-06-14 15:46:56.620268 ---> total_euros : 164.47
- Log: 2022-06-14 15:46:56.620404 ---> total_peso : 0.91
- Log: 2022-06-14 15:46:56.620521 ---> gasto_envio_local: 0.0
- Log: 2022-06-14 15:46:56.620631 ---> gasto_envio_despacho 0.0
- Log: 2022-06-14 15:46:56.620741 ---> dias_almacenamiento2 -1.0
- Log: 2022-06-14 15:46:56.620859 --->  - coef euro a dolar : 1.1570247933884297
- Log: 2022-06-14 15:46:56.620975 --->  - subtotal1 : 164.47
- Log: 2022-06-14 15:46:56.621132 --->  - subtotal2_flete : 191.77
- Log: 2022-06-14 15:46:56.621251 --->  - subtotal3_dexport : 239.7125
- Log: 2022-06-14 15:46:56.621369 --->  - subtotal4_utilidad : 383.53999999999996
- Log: 2022-06-14 15:46:56.622250 --->  - total_almacenaje_dolares : -0.0
- Log: 2022-06-14 15:46:56.622451 --->  - subtotal5 : 383.53999999999996
- Log: 2022-06-14 15:46:56.622663 --->  - coef_cotizador : 2.3319754362497718
- Log: 2022-06-14 15:46:56.622826 ---> ------------------------------------------------
- Log: 2022-06-14 15:47:01.309756 ---> Calculando coef para los valores de:
- Log: 2022-06-14 15:47:01.309978 ---> total_euros : 164.47
- Log: 2022-06-14 15:47:01.310113 ---> total_peso : 0.91
- Log: 2022-06-14 15:47:01.310231 ---> gasto_envio_local: 0.0
- Log: 2022-06-14 15:47:01.310341 ---> gasto_envio_despacho 0.0
- Log: 2022-06-14 15:47:01.310450 ---> dias_almacenamiento2 -1.0
- Log: 2022-06-14 15:47:01.310571 --->  - coef euro a dolar : 1.1570247933884297
- Log: 2022-06-14 15:47:01.310722 --->  - subtotal1 : 164.47
- Log: 2022-06-14 15:47:01.310893 --->  - subtotal2_flete : 191.77
- Log: 2022-06-14 15:47:01.311016 --->  - subtotal3_dexport : 239.7125
- Log: 2022-06-14 15:47:01.311138 --->  - subtotal4_utilidad : 383.53999999999996
- Log: 2022-06-14 15:47:01.312004 --->  - total_almacenaje_dolares : -0.0
- Log: 2022-06-14 15:47:01.312187 --->  - subtotal5 : 383.53999999999996
- Log: 2022-06-14 15:47:01.312360 --->  - coef_cotizador : 2.3319754362497718
- Log: 2022-06-14 15:47:01.312503 ---> ------------------------------------------------
- Log: 2022-06-14 15:47:10.629375 ---> Calculando coef para los valores de:
- Log: 2022-06-14 15:47:10.629638 ---> total_euros : 164.47
- Log: 2022-06-14 15:47:10.629780 ---> total_peso : 0.91
- Log: 2022-06-14 15:47:10.629899 ---> gasto_envio_local: 0.0
- Log: 2022-06-14 15:47:10.630010 ---> gasto_envio_despacho 0.0
- Log: 2022-06-14 15:47:10.630149 ---> dias_almacenamiento2 -1.0
- Log: 2022-06-14 15:47:10.630272 --->  - coef euro a dolar : 1.1570247933884297
- Log: 2022-06-14 15:47:10.630386 --->  - subtotal1 : 164.47
- Log: 2022-06-14 15:47:10.630541 --->  - subtotal2_flete : 191.77
- Log: 2022-06-14 15:47:10.630745 --->  - subtotal3_dexport : 239.7125
- Log: 2022-06-14 15:47:10.630882 --->  - subtotal4_utilidad : 383.53999999999996
- Log: 2022-06-14 15:47:10.631770 --->  - total_almacenaje_dolares : -0.0
- Log: 2022-06-14 15:47:10.631990 --->  - subtotal5 : 383.53999999999996
- Log: 2022-06-14 15:47:10.632171 --->  - coef_cotizador : 2.3319754362497718
- Log: 2022-06-14 15:47:10.632310 ---> ------------------------------------------------
- Log: 2022-06-14 15:47:59.584265 ---> Calculando coef para los valores de:
- Log: 2022-06-14 15:47:59.584490 ---> total_euros : 27.82
- Log: 2022-06-14 15:47:59.584624 ---> total_peso : 0.91
- Log: 2022-06-14 15:47:59.584739 ---> gasto_envio_local: 0.0
- Log: 2022-06-14 15:47:59.584848 ---> gasto_envio_despacho 0.0
- Log: 2022-06-14 15:47:59.584954 ---> dias_almacenamiento2 -1.0
- Log: 2022-06-14 15:47:59.585073 --->  - coef euro a dolar : 1.1570247933884297
- Log: 2022-06-14 15:47:59.585191 --->  - subtotal1 : 27.82
- Log: 2022-06-14 15:47:59.585351 --->  - subtotal2_flete : 55.120000000000005
- Log: 2022-06-14 15:47:59.585476 --->  - subtotal3_dexport : 68.9
- Log: 2022-06-14 15:47:59.585598 --->  - subtotal4_utilidad : 110.24000000000001
- Log: 2022-06-14 15:47:59.586450 --->  - total_almacenaje_dolares : -0.0
- Log: 2022-06-14 15:47:59.586656 --->  - subtotal5 : 110.24000000000001
- Log: 2022-06-14 15:47:59.586853 --->  - coef_cotizador : 3.962616822429907
- Log: 2022-06-14 15:47:59.587003 ---> ------------------------------------------------
- Log: 2022-06-14 15:48:08.069763 ---> Calculando coef para los valores de:
- Log: 2022-06-14 15:48:08.070031 ---> total_euros : 27.82
- Log: 2022-06-14 15:48:08.070192 ---> total_peso : 0.91
- Log: 2022-06-14 15:48:08.070308 ---> gasto_envio_local: 0.0
- Log: 2022-06-14 15:48:08.070414 ---> gasto_envio_despacho 0.0
- Log: 2022-06-14 15:48:08.070518 ---> dias_almacenamiento2 -1.0
- Log: 2022-06-14 15:48:08.070665 --->  - coef euro a dolar : 1.1570247933884297
- Log: 2022-06-14 15:48:08.070843 --->  - subtotal1 : 27.82
- Log: 2022-06-14 15:48:08.071020 --->  - subtotal2_flete : 55.120000000000005
- Log: 2022-06-14 15:48:08.071141 --->  - subtotal3_dexport : 68.9
- Log: 2022-06-14 15:48:08.071260 --->  - subtotal4_utilidad : 110.24000000000001
- Log: 2022-06-14 15:48:08.072137 --->  - total_almacenaje_dolares : -0.0
- Log: 2022-06-14 15:48:08.072319 --->  - subtotal5 : 110.24000000000001
- Log: 2022-06-14 15:48:08.072495 --->  - coef_cotizador : 3.962616822429907
- Log: 2022-06-14 15:48:08.072632 ---> ------------------------------------------------
- Log: 2022-06-14 15:48:10.945908 ---> Calculando coef para los valores de:
- Log: 2022-06-14 15:48:10.946134 ---> total_euros : 117.38
- Log: 2022-06-14 15:48:10.946272 ---> total_peso : 4.55
- Log: 2022-06-14 15:48:10.946391 ---> gasto_envio_local: 0.0
- Log: 2022-06-14 15:48:10.946503 ---> gasto_envio_despacho 0.0
- Log: 2022-06-14 15:48:10.946609 ---> dias_almacenamiento2 -1.0
- Log: 2022-06-14 15:48:10.946783 --->  - coef euro a dolar : 1.1570247933884297
- Log: 2022-06-14 15:48:10.946904 --->  - subtotal1 : 117.38
- Log: 2022-06-14 15:48:10.947061 --->  - subtotal2_flete : 253.88
- Log: 2022-06-14 15:48:10.947181 --->  - subtotal3_dexport : 317.35
- Log: 2022-06-14 15:48:10.947298 --->  - subtotal4_utilidad : 507.76
- Log: 2022-06-14 15:48:10.948024 --->  - total_almacenaje_dolares : -0.0
- Log: 2022-06-14 15:48:10.948173 --->  - subtotal5 : 507.76
- Log: 2022-06-14 15:48:10.948330 --->  - coef_cotizador : 4.325779519509286
- Log: 2022-06-14 15:48:10.948462 ---> ------------------------------------------------
- Log: 2022-06-14 15:48:26.027676 ---> Calculando coef para los valores de:
- Log: 2022-06-14 15:48:26.027898 ---> total_euros : 117.38
- Log: 2022-06-14 15:48:26.028029 ---> total_peso : 4.55
- Log: 2022-06-14 15:48:26.028171 ---> gasto_envio_local: 0.0
- Log: 2022-06-14 15:48:26.028279 ---> gasto_envio_despacho 0.0
- Log: 2022-06-14 15:48:26.028383 ---> dias_almacenamiento2 -1.0
- Log: 2022-06-14 15:48:26.028501 --->  - coef euro a dolar : 1.1570247933884297
- Log: 2022-06-14 15:48:26.028613 --->  - subtotal1 : 117.38
- Log: 2022-06-14 15:48:26.028767 --->  - subtotal2_flete : 253.88
- Log: 2022-06-14 15:48:26.028885 --->  - subtotal3_dexport : 317.35
- Log: 2022-06-14 15:48:26.029000 --->  - subtotal4_utilidad : 507.76
- Log: 2022-06-14 15:48:26.029711 --->  - total_almacenaje_dolares : -0.0
- Log: 2022-06-14 15:48:26.029857 --->  - subtotal5 : 507.76
- Log: 2022-06-14 15:48:26.030014 --->  - coef_cotizador : 4.325779519509286
- Log: 2022-06-14 15:48:26.030145 ---> ------------------------------------------------
- Log: 2022-06-14 15:48:57.541483 ---> Calculando coef para los valores de:
- Log: 2022-06-14 15:48:57.541757 ---> total_euros : 117.38
- Log: 2022-06-14 15:48:57.541904 ---> total_peso : 4.55
- Log: 2022-06-14 15:48:57.542023 ---> gasto_envio_local: 0.0
- Log: 2022-06-14 15:48:57.542132 ---> gasto_envio_despacho 0.0
- Log: 2022-06-14 15:48:57.542238 ---> dias_almacenamiento2 -1.0
- Log: 2022-06-14 15:48:57.542357 --->  - coef euro a dolar : 1.1570247933884297
- Log: 2022-06-14 15:48:57.542471 --->  - subtotal1 : 117.38
- Log: 2022-06-14 15:48:57.542660 --->  - subtotal2_flete : 253.88
- Log: 2022-06-14 15:48:57.542794 --->  - subtotal3_dexport : 317.35
- Log: 2022-06-14 15:48:57.542911 --->  - subtotal4_utilidad : 507.76
- Log: 2022-06-14 15:48:57.543643 --->  - total_almacenaje_dolares : -0.0
- Log: 2022-06-14 15:48:57.543794 --->  - subtotal5 : 507.76
- Log: 2022-06-14 15:48:57.543957 --->  - coef_cotizador : 4.325779519509286
- Log: 2022-06-14 15:48:57.544091 ---> ------------------------------------------------
- Log: 2022-06-14 15:51:37.379622 ---> Calculando coef para los valores de:
- Log: 2022-06-14 15:51:37.379851 ---> total_euros : 117.38
- Log: 2022-06-14 15:51:37.379987 ---> total_peso : 4.64
- Log: 2022-06-14 15:51:37.380199 ---> gasto_envio_local: 0.0
- Log: 2022-06-14 15:51:37.380343 ---> gasto_envio_despacho 0.0
- Log: 2022-06-14 15:51:37.380460 ---> dias_almacenamiento2 -1.0
- Log: 2022-06-14 15:51:37.380584 --->  - coef euro a dolar : 1.1570247933884297
- Log: 2022-06-14 15:51:37.380700 --->  - subtotal1 : 117.38
- Log: 2022-06-14 15:51:37.380859 --->  - subtotal2_flete : 256.58
- Log: 2022-06-14 15:51:37.380981 --->  - subtotal3_dexport : 320.72499999999997
- Log: 2022-06-14 15:51:37.381096 --->  - subtotal4_utilidad : 513.16
- Log: 2022-06-14 15:51:37.381962 --->  - total_almacenaje_dolares : -0.0
- Log: 2022-06-14 15:51:37.382138 --->  - subtotal5 : 513.16
- Log: 2022-06-14 15:51:37.382312 --->  - coef_cotizador : 4.371783949565514
- Log: 2022-06-14 15:51:37.382449 ---> ------------------------------------------------
- Log: 2022-06-14 15:51:47.306215 ---> Calculando coef para los valores de:
- Log: 2022-06-14 15:51:47.306438 ---> total_euros : 111.95
- Log: 2022-06-14 15:51:47.306660 ---> total_peso : 4.55
- Log: 2022-06-14 15:51:47.306822 ---> gasto_envio_local: 0.0
- Log: 2022-06-14 15:51:47.306936 ---> gasto_envio_despacho 0.0
- Log: 2022-06-14 15:51:47.307045 ---> dias_almacenamiento2 -1.0
- Log: 2022-06-14 15:51:47.307166 --->  - coef euro a dolar : 1.1570247933884297
- Log: 2022-06-14 15:51:47.307284 --->  - subtotal1 : 111.95
- Log: 2022-06-14 15:51:47.307444 --->  - subtotal2_flete : 248.45
- Log: 2022-06-14 15:51:47.307567 --->  - subtotal3_dexport : 310.5625
- Log: 2022-06-14 15:51:47.307683 --->  - subtotal4_utilidad : 496.9
- Log: 2022-06-14 15:51:47.308599 --->  - total_almacenaje_dolares : -0.0
- Log: 2022-06-14 15:51:47.308779 --->  - subtotal5 : 496.9
- Log: 2022-06-14 15:51:47.308998 --->  - coef_cotizador : 4.438588655649843
- Log: 2022-06-14 15:51:47.309173 ---> ------------------------------------------------
- Log: 2022-06-14 15:51:52.401006 ---> Calculando coef para los valores de:
- Log: 2022-06-14 15:51:52.401232 ---> total_euros : 117.38
- Log: 2022-06-14 15:51:52.401398 ---> total_peso : 4.64
- Log: 2022-06-14 15:51:52.401517 ---> gasto_envio_local: 0.0
- Log: 2022-06-14 15:51:52.401626 ---> gasto_envio_despacho 0.0
- Log: 2022-06-14 15:51:52.401732 ---> dias_almacenamiento2 -1.0
- Log: 2022-06-14 15:51:52.401852 --->  - coef euro a dolar : 1.1570247933884297
- Log: 2022-06-14 15:51:52.401967 --->  - subtotal1 : 117.38
- Log: 2022-06-14 15:51:52.402122 --->  - subtotal2_flete : 256.58
- Log: 2022-06-14 15:51:52.402244 --->  - subtotal3_dexport : 320.72499999999997
- Log: 2022-06-14 15:51:52.402362 --->  - subtotal4_utilidad : 513.16
- Log: 2022-06-14 15:51:52.403244 --->  - total_almacenaje_dolares : -0.0
- Log: 2022-06-14 15:51:52.403429 --->  - subtotal5 : 513.16
- Log: 2022-06-14 15:51:52.403604 --->  - coef_cotizador : 4.371783949565514
- Log: 2022-06-14 15:51:52.403744 ---> ------------------------------------------------
- Log: 2022-06-14 15:51:56.962879 ---> Calculando coef para los valores de:
- Log: 2022-06-14 15:51:56.963095 ---> total_euros : 122.81
- Log: 2022-06-14 15:51:56.963230 ---> total_peso : 4.7299999999999995
- Log: 2022-06-14 15:51:56.963356 ---> gasto_envio_local: 0.0
- Log: 2022-06-14 15:51:56.963509 ---> gasto_envio_despacho 0.0
- Log: 2022-06-14 15:51:56.963624 ---> dias_almacenamiento2 -1.0
- Log: 2022-06-14 15:51:56.963742 --->  - coef euro a dolar : 1.1570247933884297
- Log: 2022-06-14 15:51:56.963853 --->  - subtotal1 : 122.81
- Log: 2022-06-14 15:51:56.964010 --->  - subtotal2_flete : 264.71
- Log: 2022-06-14 15:51:56.964126 --->  - subtotal3_dexport : 330.8875
- Log: 2022-06-14 15:51:56.964236 --->  - subtotal4_utilidad : 529.42
- Log: 2022-06-14 15:51:56.965094 --->  - total_almacenaje_dolares : -0.0
- Log: 2022-06-14 15:51:56.965268 --->  - subtotal5 : 529.42
- Log: 2022-06-14 15:51:56.965442 --->  - coef_cotizador : 4.310886735607849
- Log: 2022-06-14 15:51:56.965582 ---> ------------------------------------------------
- Log: 2022-06-14 22:42:26.863262 ---> Calculando coef para los valores de:
- Log: 2022-06-14 22:42:26.863486 ---> total_euros : 5.43
- Log: 2022-06-14 22:42:26.863624 ---> total_peso : 0.09
- Log: 2022-06-14 22:42:26.863739 ---> gasto_envio_local: 0.0
- Log: 2022-06-14 22:42:26.863847 ---> gasto_envio_despacho 0.0
- Log: 2022-06-14 22:42:26.863952 ---> dias_almacenamiento2 0.0
- Log: 2022-06-14 22:42:26.864071 --->  - coef euro a dolar : 1.1570247933884297
- Log: 2022-06-14 22:42:26.864186 --->  - subtotal1 : 5.43
- Log: 2022-06-14 22:42:26.864344 --->  - subtotal2_flete : 8.129999999999999
- Log: 2022-06-14 22:42:26.864464 --->  - subtotal3_dexport : 10.162499999999998
- Log: 2022-06-14 22:42:26.864584 --->  - subtotal4_utilidad : 16.259999999999998
- Log: 2022-06-14 22:42:26.865456 --->  - total_almacenaje_dolares : 0.0
- Log: 2022-06-14 22:42:26.865635 --->  - subtotal5 : 16.259999999999998
- Log: 2022-06-14 22:42:26.865811 --->  - coef_cotizador : 2.9944751381215466
- Log: 2022-06-14 22:42:26.865952 ---> ------------------------------------------------
- Log: 2022-06-15 01:59:25.700187 ---> Calculando coef para los valores de:
- Log: 2022-06-15 01:59:25.700428 ---> total_euros : 0.0
- Log: 2022-06-15 01:59:25.700610 ---> total_peso : 0.59
- Log: 2022-06-15 01:59:25.700736 ---> gasto_envio_local: 0.0
- Log: 2022-06-15 01:59:25.700850 ---> gasto_envio_despacho 0.0
- Log: 2022-06-15 01:59:25.700958 ---> dias_almacenamiento2 -1.0
- Log: 2022-06-15 01:59:25.701081 --->  - coef euro a dolar : 1.1570247933884297
- Log: 2022-06-15 01:59:25.701193 --->  - subtotal1 : 0.0
- Log: 2022-06-15 01:59:25.701353 --->  - subtotal2_flete : 17.7
- Log: 2022-06-15 01:59:25.701478 --->  - subtotal3_dexport : 22.125
- Log: 2022-06-15 01:59:25.701596 --->  - subtotal4_utilidad : 35.4
- Log: 2022-06-15 01:59:25.703807 --->  - total_almacenaje_dolares : -0.0
- Log: 2022-06-15 01:59:25.703991 --->  - subtotal5 : 35.4
- Log: 2022-06-15 02:00:02.142882 ---> Calculando coef para los valores de:
- Log: 2022-06-15 02:00:02.143097 ---> total_euros : 0.0
- Log: 2022-06-15 02:00:02.143227 ---> total_peso : 0.59
- Log: 2022-06-15 02:00:02.143339 ---> gasto_envio_local: 0.0
- Log: 2022-06-15 02:00:02.143471 ---> gasto_envio_despacho 0.0
- Log: 2022-06-15 02:00:02.143579 ---> dias_almacenamiento2 -1.0
- Log: 2022-06-15 02:00:02.143697 --->  - coef euro a dolar : 1.1570247933884297
- Log: 2022-06-15 02:00:02.143806 --->  - subtotal1 : 0.0
- Log: 2022-06-15 02:00:02.143958 --->  - subtotal2_flete : 17.7
- Log: 2022-06-15 02:00:02.144077 --->  - subtotal3_dexport : 22.125
- Log: 2022-06-15 02:00:02.144189 --->  - subtotal4_utilidad : 35.4
- Log: 2022-06-15 02:00:02.145128 --->  - total_almacenaje_dolares : -0.0
- Log: 2022-06-15 02:00:02.145349 --->  - subtotal5 : 35.4
- Log: 2022-06-15 02:00:26.816652 ---> Calculando coef para los valores de:
- Log: 2022-06-15 02:00:26.816870 ---> total_euros : 0.0
- Log: 2022-06-15 02:00:26.817008 ---> total_peso : 0.59
- Log: 2022-06-15 02:00:26.817126 ---> gasto_envio_local: 0.0
- Log: 2022-06-15 02:00:26.817237 ---> gasto_envio_despacho 0.0
- Log: 2022-06-15 02:00:26.817344 ---> dias_almacenamiento2 -1.0
- Log: 2022-06-15 02:00:26.817465 --->  - coef euro a dolar : 1.1570247933884297
- Log: 2022-06-15 02:00:26.817578 --->  - subtotal1 : 0.0
- Log: 2022-06-15 02:00:26.817737 --->  - subtotal2_flete : 17.7
- Log: 2022-06-15 02:00:26.817861 --->  - subtotal3_dexport : 22.125
- Log: 2022-06-15 02:00:26.817979 --->  - subtotal4_utilidad : 35.4
- Log: 2022-06-15 02:00:26.820206 --->  - total_almacenaje_dolares : -0.0
- Log: 2022-06-15 02:00:26.820388 --->  - subtotal5 : 35.4
- Log: 2022-06-15 02:00:39.512288 ---> Calculando coef para los valores de:
- Log: 2022-06-15 02:00:39.512537 ---> total_euros : 804.0
- Log: 2022-06-15 02:00:39.512714 ---> total_peso : 0.59
- Log: 2022-06-15 02:00:39.512837 ---> gasto_envio_local: 0.0
- Log: 2022-06-15 02:00:39.512944 ---> gasto_envio_despacho 0.0
- Log: 2022-06-15 02:00:39.513049 ---> dias_almacenamiento2 -1.0
- Log: 2022-06-15 02:00:39.513168 --->  - coef euro a dolar : 1.1570247933884297
- Log: 2022-06-15 02:00:39.513278 --->  - subtotal1 : 804.0
- Log: 2022-06-15 02:00:39.513435 --->  - subtotal2_flete : 821.7
- Log: 2022-06-15 02:00:39.513552 --->  - subtotal3_dexport : 1027.125
- Log: 2022-06-15 02:00:39.513666 --->  - subtotal4_utilidad : 1643.4
- Log: 2022-06-15 02:00:39.514395 --->  - total_almacenaje_dolares : -0.0
- Log: 2022-06-15 02:00:39.514542 --->  - subtotal5 : 1643.4
- Log: 2022-06-15 02:00:39.514734 --->  - coef_cotizador : 2.0440298507462686
- Log: 2022-06-15 02:00:39.514873 ---> ------------------------------------------------
- Log: 2022-06-15 02:00:47.787843 ---> Calculando coef para los valores de:
- Log: 2022-06-15 02:00:47.788068 ---> total_euros : 300.08
- Log: 2022-06-15 02:00:47.788205 ---> total_peso : 0.84
- Log: 2022-06-15 02:00:47.788321 ---> gasto_envio_local: 0.0
- Log: 2022-06-15 02:00:47.788434 ---> gasto_envio_despacho 0.0
- Log: 2022-06-15 02:00:47.788543 ---> dias_almacenamiento2 -1.0
- Log: 2022-06-15 02:00:47.788667 --->  - coef euro a dolar : 1.1570247933884297
- Log: 2022-06-15 02:00:47.788785 --->  - subtotal1 : 300.08
- Log: 2022-06-15 02:00:47.788943 --->  - subtotal2_flete : 325.28
- Log: 2022-06-15 02:00:47.789068 --->  - subtotal3_dexport : 406.59999999999997
- Log: 2022-06-15 02:00:47.789189 --->  - subtotal4_utilidad : 650.56
- Log: 2022-06-15 02:00:47.790099 --->  - total_almacenaje_dolares : -0.0
- Log: 2022-06-15 02:00:47.790279 --->  - subtotal5 : 650.56
- Log: 2022-06-15 02:00:47.790453 --->  - coef_cotizador : 2.1679552119434815
- Log: 2022-06-15 02:00:47.790594 ---> ------------------------------------------------
- Log: 2022-06-15 02:00:47.980617 ---> Calculando coef para los valores de:
- Log: 2022-06-15 02:00:47.980833 ---> total_euros : 0
- Log: 2022-06-15 02:00:47.980997 ---> total_peso : 0
- Log: 2022-06-15 02:00:47.981120 ---> gasto_envio_local: 0.0
- Log: 2022-06-15 02:00:47.981231 ---> gasto_envio_despacho 0.0
- Log: 2022-06-15 02:00:47.981338 ---> dias_almacenamiento2 -1.0
- Log: 2022-06-15 02:00:47.981459 --->  - coef euro a dolar : 1.1570247933884297
- Log: 2022-06-15 02:00:47.981566 --->  - subtotal1 : 0
- Log: 2022-06-15 02:00:47.981725 --->  - subtotal2_flete : 0.0
- Log: 2022-06-15 02:00:47.981878 --->  - subtotal3_dexport : 0.0
- Log: 2022-06-15 02:00:47.981993 --->  - subtotal4_utilidad : 0.0
- Log: 2022-06-15 02:00:47.983422 --->  - total_almacenaje_dolares : -0.0
- Log: 2022-06-15 02:00:47.983602 --->  - subtotal5 : 0.0
- Log: 2022-06-15 02:00:48.236307 ---> Calculando coef para los valores de:
- Log: 2022-06-15 02:00:48.236567 ---> total_euros : 1643.4
- Log: 2022-06-15 02:00:48.239647 ---> total_peso : 0.59
- Log: 2022-06-15 02:00:48.239814 ---> gasto_envio_local: 0.0
- Log: 2022-06-15 02:00:48.239939 ---> gasto_envio_despacho 0.0
- Log: 2022-06-15 02:00:48.240051 ---> dias_almacenamiento2 -1.0
- Log: 2022-06-15 02:00:48.240177 --->  - coef euro a dolar : 1.1570247933884297
- Log: 2022-06-15 02:00:48.240296 --->  - subtotal1 : 1643.4
- Log: 2022-06-15 02:00:48.240469 --->  - subtotal2_flete : 1661.1000000000001
- Log: 2022-06-15 02:00:48.240594 --->  - subtotal3_dexport : 2076.375
- Log: 2022-06-15 02:00:48.240712 --->  - subtotal4_utilidad : 3322.2
- Log: 2022-06-15 02:00:48.241784 --->  - total_almacenaje_dolares : -0.0
- Log: 2022-06-15 02:00:48.241970 --->  - subtotal5 : 3322.2
- Log: 2022-06-15 02:00:48.242149 --->  - coef_cotizador : 2.021540708287696
- Log: 2022-06-15 02:00:48.242294 ---> ------------------------------------------------
